Component: ARM Compiler 5.06 (build 20) Tool: armlink [4d35a3]

==============================================================================

Section Cross References

    main.o(.text) refers to bsp.o(.text) for BSP_Init
    main.o(.text) refers to bsp_st_infrared.o(.text) for ST_Infrared_Left_DTEC
    main.o(.text) refers to bsp_led.o(.text) for Led_Whole_Light
    main.o(.text) refers to bsp_systick.o(.text) for Delay_10us
    main.o(.text) refers to stm32f10x_usart.o(.text) for USART_SendData
    system_stm32f10x.o(.text) refers to system_stm32f10x.o(.data) for SystemCoreClock
    startup_stm32f10x_md.o(RESET) refers to startup_stm32f10x_md.o(STACK) for __initial_sp
    startup_stm32f10x_md.o(RESET) refers to startup_stm32f10x_md.o(.text) for Reset_Handler
    startup_stm32f10x_md.o(RESET) refers to stm32f10x_it.o(.text) for NMI_Handler
    startup_stm32f10x_md.o(RESET) refers to bsp_systick.o(.text) for SysTick_Handler
    startup_stm32f10x_md.o(RESET) refers to bsp_sonar.o(.text) for EXTI4_IRQHandler
    startup_stm32f10x_md.o(RESET) refers to bsp_st_infrared.o(.text) for DMA1_Channel1_IRQHandler
    startup_stm32f10x_md.o(RESET) refers to bsp_led.o(.text) for DMA1_Channel4_IRQHandler
    startup_stm32f10x_md.o(RESET) refers to bsp_bluetooth.o(.text) for USART1_IRQHandler
    startup_stm32f10x_md.o(RESET) refers to bsp_mp3.o(.text) for USART3_IRQHandler
    startup_stm32f10x_md.o(.text) refers to system_stm32f10x.o(.text) for SystemInit
    startup_stm32f10x_md.o(.text) refers to entry.o(.ARM.Collect$$$$00000000) for __main
    stm32f10x_adc.o(.text) refers to stm32f10x_rcc.o(.text) for RCC_APB2PeriphResetCmd
    stm32f10x_bkp.o(.text) refers to stm32f10x_rcc.o(.text) for RCC_BackupResetCmd
    stm32f10x_can.o(.text) refers to stm32f10x_rcc.o(.text) for RCC_APB1PeriphResetCmd
    stm32f10x_cec.o(.text) refers to stm32f10x_rcc.o(.text) for RCC_APB1PeriphResetCmd
    stm32f10x_dac.o(.text) refers to stm32f10x_rcc.o(.text) for RCC_APB1PeriphResetCmd
    stm32f10x_gpio.o(.text) refers to stm32f10x_rcc.o(.text) for RCC_APB2PeriphResetCmd
    stm32f10x_i2c.o(.text) refers to stm32f10x_rcc.o(.text) for RCC_APB1PeriphResetCmd
    stm32f10x_pwr.o(.text) refers to stm32f10x_rcc.o(.text) for RCC_APB1PeriphResetCmd
    stm32f10x_rcc.o(.text) refers to stm32f10x_rcc.o(.data) for APBAHBPrescTable
    stm32f10x_spi.o(.text) refers to stm32f10x_rcc.o(.text) for RCC_APB2PeriphResetCmd
    stm32f10x_tim.o(.text) refers to stm32f10x_rcc.o(.text) for RCC_APB2PeriphResetCmd
    stm32f10x_usart.o(.text) refers to stm32f10x_rcc.o(.text) for RCC_APB2PeriphResetCmd
    stm32f10x_wwdg.o(.text) refers to stm32f10x_rcc.o(.text) for RCC_APB1PeriphResetCmd
    bsp.o(.text) refers to misc.o(.text) for NVIC_PriorityGroupConfig
    bsp.o(.text) refers to bsp_systick.o(.text) for SysTick_Init
    bsp.o(.text) refers to bsp_led.o(.text) for WS2812_Init
    bsp.o(.text) refers to bsp_bluetooth.o(.text) for BLE_Init
    bsp.o(.text) refers to bsp_mp3.o(.text) for MP3_Init
    bsp.o(.text) refers to bsp_motor.o(.text) for Motor_Init
    bsp.o(.text) refers to bsp_sonar.o(.text) for Sonar_Init
    bsp.o(.text) refers to bsp_st_infrared.o(.text) for ST_Infrared_Init
    bsp_led.o(.text) refers to stm32f10x_rcc.o(.text) for RCC_APB2PeriphClockCmd
    bsp_led.o(.text) refers to stm32f10x_gpio.o(.text) for GPIO_Init
    bsp_led.o(.text) refers to stm32f10x_tim.o(.text) for TIM_TimeBaseInit
    bsp_led.o(.text) refers to stm32f10x_dma.o(.text) for DMA_Init
    bsp_led.o(.text) refers to memseta.o(.text) for __aeabi_memclr4
    bsp_led.o(.text) refers to cfrcmple.o(.text) for __aeabi_cfrcmple
    bsp_led.o(.text) refers to cfcmple.o(.text) for __aeabi_cfcmple
    bsp_led.o(.text) refers to ffltui.o(.text) for __aeabi_ui2f
    bsp_led.o(.text) refers to fdiv.o(.text) for __aeabi_fdiv
    bsp_led.o(.text) refers to fadd.o(.text) for __aeabi_fsub
    bsp_led.o(.text) refers to fflti.o(.text) for __aeabi_i2f
    bsp_led.o(.text) refers to bsp_led.o(.data) for Logo_Led_GPIO_Config
    bsp_led.o(.text) refers to bsp_led.o(.bss) for Led_Buffer
    bsp_led.o(.text) refers to fmul.o(.text) for __aeabi_fmul
    bsp_led.o(.text) refers to ffixi.o(.text) for __aeabi_f2iz
    bsp_led.o(.text) refers to ffixui.o(.text) for __aeabi_f2uiz
    bsp_led.o(.text) refers to bsp_systick.o(.text) for Delay_10us
    bsp_led.o(.text) refers to f2d.o(.text) for __aeabi_f2d
    bsp_led.o(.text) refers to dmul.o(.text) for __aeabi_dmul
    bsp_led.o(.text) refers to dadd.o(.text) for __aeabi_dsub
    bsp_led.o(.text) refers to d2f.o(.text) for __aeabi_d2f
    bsp_led.o(.data) refers to bsp_led.o(.bss) for Led_Buffer
    bsp_systick.o(.text) refers to system_stm32f10x.o(.data) for SystemCoreClock
    bsp_systick.o(.text) refers to bsp_systick.o(.data) for Timing_Delay
    bsp_bluetooth.o(.text) refers to stm32f10x_rcc.o(.text) for RCC_APB2PeriphClockCmd
    bsp_bluetooth.o(.text) refers to stm32f10x_gpio.o(.text) for GPIO_Init
    bsp_bluetooth.o(.text) refers to stm32f10x_usart.o(.text) for USART_Init
    bsp_bluetooth.o(.text) refers to bsp_systick.o(.text) for Delay_10us
    bsp_bluetooth.o(.text) refers to bsp_usart.o(.text) for USART_Send_String
    bsp_bluetooth.o(.text) refers to memseta.o(.text) for __aeabi_memclr
    bsp_bluetooth.o(.text) refers to bsp_bluetooth.o(.data) for BLE_GPIO_Rx_Config
    bsp_bluetooth.o(.text) refers to bsp_bluetooth.o(.bss) for Rx_Buffer
    bsp_usart.o(.text) refers to stm32f10x_usart.o(.text) for USART_SendData
    bsp_usart.o(.text) refers to strlen.o(.text) for strlen
    bsp_mp3.o(.text) refers to stm32f10x_rcc.o(.text) for RCC_APB2PeriphClockCmd
    bsp_mp3.o(.text) refers to stm32f10x_gpio.o(.text) for GPIO_Init
    bsp_mp3.o(.text) refers to stm32f10x_usart.o(.text) for USART_DeInit
    bsp_mp3.o(.text) refers to bsp_copy.o(.text) for COPY_usart_sendstring
    bsp_mp3.o(.text) refers to memseta.o(.text) for __aeabi_memclr
    bsp_mp3.o(.text) refers to bsp_mp3.o(.data) for MP3_GPIO_Rx_Config
    bsp_mp3.o(.text) refers to bsp_mp3.o(.bss) for mp3_recv_buffer
    bsp_copy.o(.text) refers to stm32f10x_usart.o(.text) for USART_SendData
    bsp_copy.o(.text) refers to bsp_copy.o(.data) for nCount
    bsp_motor.o(.text) refers to stm32f10x_rcc.o(.text) for RCC_APB2PeriphClockCmd
    bsp_motor.o(.text) refers to stm32f10x_pwr.o(.text) for PWR_BackupAccessCmd
    bsp_motor.o(.text) refers to stm32f10x_gpio.o(.text) for GPIO_ResetBits
    bsp_motor.o(.text) refers to stm32f10x_bkp.o(.text) for BKP_TamperPinCmd
    bsp_motor.o(.text) refers to stm32f10x_tim.o(.text) for TIM_TimeBaseInit
    bsp_motor.o(.text) refers to ffltui.o(.text) for __aeabi_ui2f
    bsp_motor.o(.text) refers to fmul.o(.text) for __aeabi_fmul
    bsp_motor.o(.text) refers to ffixui.o(.text) for __aeabi_f2uiz
    bsp_motor.o(.text) refers to bsp_motor.o(.data) for Motor_AIN1_Config
    bsp_sonar.o(.text) refers to stm32f10x_rcc.o(.text) for RCC_APB2PeriphClockCmd
    bsp_sonar.o(.text) refers to stm32f10x_gpio.o(.text) for GPIO_Init
    bsp_sonar.o(.text) refers to stm32f10x_tim.o(.text) for TIM_DeInit
    bsp_sonar.o(.text) refers to stm32f10x_exti.o(.text) for EXTI_DeInit
    bsp_sonar.o(.text) refers to bsp_systick.o(.text) for Delay_10us
    bsp_sonar.o(.text) refers to f2d.o(.text) for __aeabi_f2d
    bsp_sonar.o(.text) refers to ddiv.o(.text) for __aeabi_ddiv
    bsp_sonar.o(.text) refers to d2f.o(.text) for __aeabi_d2f
    bsp_sonar.o(.text) refers to cfcmple.o(.text) for __aeabi_cfcmple
    bsp_sonar.o(.text) refers to ffltui.o(.text) for __aeabi_ui2f
    bsp_sonar.o(.text) refers to fadd.o(.text) for __aeabi_fadd
    bsp_sonar.o(.text) refers to bsp_sonar.o(.data) for Sonar_Triger_Config
    bsp_st_infrared.o(.text) refers to stm32f10x_rcc.o(.text) for RCC_APB2PeriphClockCmd
    bsp_st_infrared.o(.text) refers to stm32f10x_bkp.o(.text) for BKP_TamperPinCmd
    bsp_st_infrared.o(.text) refers to stm32f10x_pwr.o(.text) for PWR_BackupAccessCmd
    bsp_st_infrared.o(.text) refers to stm32f10x_gpio.o(.text) for GPIO_Init
    bsp_st_infrared.o(.text) refers to stm32f10x_dma.o(.text) for DMA_DeInit
    bsp_st_infrared.o(.text) refers to stm32f10x_adc.o(.text) for ADC_Init
    bsp_st_infrared.o(.text) refers to memseta.o(.text) for __aeabi_memclr
    bsp_st_infrared.o(.text) refers to bsp_st_infrared.o(.data) for ST_Infrared_OUT5_Config
    bsp_st_infrared.o(.text) refers to bsp_st_infrared.o(.bss) for st_infrared_dma_buffer
    bsp_st_infrared.o(.data) refers to bsp_st_infrared.o(.bss) for st_infrared_dma_buffer
    entry.o(.ARM.Collect$$$$00000000) refers (Special) to entry10a.o(.ARM.Collect$$$$0000000D) for __rt_final_cpp
    entry.o(.ARM.Collect$$$$00000000) refers (Special) to entry11a.o(.ARM.Collect$$$$0000000F) for __rt_final_exit
    entry.o(.ARM.Collect$$$$00000000) refers (Special) to entry7b.o(.ARM.Collect$$$$00000008) for _main_clock
    entry.o(.ARM.Collect$$$$00000000) refers (Special) to entry8b.o(.ARM.Collect$$$$0000000A) for _main_cpp_init
    entry.o(.ARM.Collect$$$$00000000) refers (Special) to entry9a.o(.ARM.Collect$$$$0000000B) for _main_init
    entry.o(.ARM.Collect$$$$00000000) refers (Special) to entry5.o(.ARM.Collect$$$$00000004) for _main_scatterload
    entry.o(.ARM.Collect$$$$00000000) refers (Special) to entry2.o(.ARM.Collect$$$$00000001) for _main_stk
    fadd.o(.text) refers (Special) to iusefp.o(.text) for __I$use$fp
    fadd.o(.text) refers to fepilogue.o(.text) for _float_epilogue
    fmul.o(.text) refers (Special) to iusefp.o(.text) for __I$use$fp
    fdiv.o(.text) refers (Special) to iusefp.o(.text) for __I$use$fp
    fdiv.o(.text) refers to fepilogue.o(.text) for _float_round
    dadd.o(.text) refers (Special) to iusefp.o(.text) for __I$use$fp
    dadd.o(.text) refers to llshl.o(.text) for __aeabi_llsl
    dadd.o(.text) refers to llsshr.o(.text) for __aeabi_lasr
    dadd.o(.text) refers to depilogue.o(.text) for _double_epilogue
    dmul.o(.text) refers (Special) to iusefp.o(.text) for __I$use$fp
    dmul.o(.text) refers to depilogue.o(.text) for _double_epilogue
    ddiv.o(.text) refers (Special) to iusefp.o(.text) for __I$use$fp
    ddiv.o(.text) refers to depilogue.o(.text) for _double_round
    fflti.o(.text) refers (Special) to iusefp.o(.text) for __I$use$fp
    fflti.o(.text) refers to fepilogue.o(.text) for _float_epilogue
    ffltui.o(.text) refers (Special) to iusefp.o(.text) for __I$use$fp
    ffltui.o(.text) refers to fepilogue.o(.text) for _float_epilogue
    ffixi.o(.text) refers (Special) to iusefp.o(.text) for __I$use$fp
    ffixui.o(.text) refers (Special) to iusefp.o(.text) for __I$use$fp
    f2d.o(.text) refers (Special) to iusefp.o(.text) for __I$use$fp
    d2f.o(.text) refers (Special) to iusefp.o(.text) for __I$use$fp
    d2f.o(.text) refers to fepilogue.o(.text) for _float_round
    cfcmple.o(.text) refers (Special) to iusefp.o(.text) for __I$use$fp
    cfrcmple.o(.text) refers (Special) to iusefp.o(.text) for __I$use$fp
    entry2.o(.ARM.Collect$$$$00000001) refers to entry2.o(.ARM.Collect$$$$00002712) for __lit__00000000
    entry2.o(.ARM.Collect$$$$00002712) refers to startup_stm32f10x_md.o(STACK) for __initial_sp
    entry2.o(__vectab_stack_and_reset_area) refers to startup_stm32f10x_md.o(STACK) for __initial_sp
    entry2.o(__vectab_stack_and_reset_area) refers to entry.o(.ARM.Collect$$$$00000000) for __main
    entry5.o(.ARM.Collect$$$$00000004) refers to init.o(.text) for __scatterload
    entry9a.o(.ARM.Collect$$$$0000000B) refers to main.o(.text) for main
    entry9b.o(.ARM.Collect$$$$0000000C) refers to main.o(.text) for main
    depilogue.o(.text) refers to llshl.o(.text) for __aeabi_llsl
    depilogue.o(.text) refers to llushr.o(.text) for __aeabi_llsr
    init.o(.text) refers to entry5.o(.ARM.Collect$$$$00000004) for __main_after_scatterload


==============================================================================

Removing Unused input sections from the image.

    Removing core_cm3.o(.emb_text), (32 bytes).
    Removing startup_stm32f10x_md.o(HEAP), (512 bytes).
    Removing stm32f10x_can.o(.text), (2544 bytes).
    Removing stm32f10x_cec.o(.text), (288 bytes).
    Removing stm32f10x_crc.o(.text), (72 bytes).
    Removing stm32f10x_dac.o(.text), (396 bytes).
    Removing stm32f10x_dbgmcu.o(.text), (48 bytes).
    Removing stm32f10x_flash.o(.text), (1468 bytes).
    Removing stm32f10x_fsmc.o(.text), (1548 bytes).
    Removing stm32f10x_i2c.o(.text), (1028 bytes).
    Removing stm32f10x_iwdg.o(.text), (64 bytes).
    Removing stm32f10x_rtc.o(.text), (328 bytes).
    Removing stm32f10x_sdio.o(.text), (468 bytes).
    Removing stm32f10x_spi.o(.text), (780 bytes).
    Removing stm32f10x_wwdg.o(.text), (136 bytes).

15 unused section(s) (total 9712 bytes) removed from the image.

==============================================================================

Image Symbol Table

    Local Symbols

    Symbol Name                              Value     Ov Type        Size  Object(Section)

    ../clib/../cmprslib/zerorunl2.c          0x00000000   Number         0  __dczerorl2.o ABSOLUTE
    ../clib/microlib/init/entry.s            0x00000000   Number         0  entry8a.o ABSOLUTE
    ../clib/microlib/init/entry.s            0x00000000   Number         0  entry7b.o ABSOLUTE
    ../clib/microlib/init/entry.s            0x00000000   Number         0  entry8b.o ABSOLUTE
    ../clib/microlib/init/entry.s            0x00000000   Number         0  entry7a.o ABSOLUTE
    ../clib/microlib/init/entry.s            0x00000000   Number         0  entry2.o ABSOLUTE
    ../clib/microlib/init/entry.s            0x00000000   Number         0  entry11b.o ABSOLUTE
    ../clib/microlib/init/entry.s            0x00000000   Number         0  entry11a.o ABSOLUTE
    ../clib/microlib/init/entry.s            0x00000000   Number         0  entry10b.o ABSOLUTE
    ../clib/microlib/init/entry.s            0x00000000   Number         0  entry10a.o ABSOLUTE
    ../clib/microlib/init/entry.s            0x00000000   Number         0  entry5.o ABSOLUTE
    ../clib/microlib/init/entry.s            0x00000000   Number         0  entry9a.o ABSOLUTE
    ../clib/microlib/init/entry.s            0x00000000   Number         0  entry.o ABSOLUTE
    ../clib/microlib/init/entry.s            0x00000000   Number         0  entry9b.o ABSOLUTE
    ../clib/microlib/longlong.c              0x00000000   Number         0  llsshr.o ABSOLUTE
    ../clib/microlib/longlong.c              0x00000000   Number         0  llshl.o ABSOLUTE
    ../clib/microlib/longlong.c              0x00000000   Number         0  llushr.o ABSOLUTE
    ../clib/microlib/string/memset.c         0x00000000   Number         0  memseta.o ABSOLUTE
    ../clib/microlib/string/strlen.c         0x00000000   Number         0  strlen.o ABSOLUTE
    ../clib/microlib/stubs.s                 0x00000000   Number         0  iusefp.o ABSOLUTE
    ../fplib/microlib/d2f.c                  0x00000000   Number         0  d2f.o ABSOLUTE
    ../fplib/microlib/f2d.c                  0x00000000   Number         0  f2d.o ABSOLUTE
    ../fplib/microlib/fpadd.c                0x00000000   Number         0  dadd.o ABSOLUTE
    ../fplib/microlib/fpadd.c                0x00000000   Number         0  fadd.o ABSOLUTE
    ../fplib/microlib/fpdiv.c                0x00000000   Number         0  fdiv.o ABSOLUTE
    ../fplib/microlib/fpdiv.c                0x00000000   Number         0  ddiv.o ABSOLUTE
    ../fplib/microlib/fpepilogue.c           0x00000000   Number         0  fepilogue.o ABSOLUTE
    ../fplib/microlib/fpepilogue.c           0x00000000   Number         0  depilogue.o ABSOLUTE
    ../fplib/microlib/fpfix.c                0x00000000   Number         0  ffixui.o ABSOLUTE
    ../fplib/microlib/fpfix.c                0x00000000   Number         0  ffixi.o ABSOLUTE
    ../fplib/microlib/fpflt.c                0x00000000   Number         0  fflti.o ABSOLUTE
    ../fplib/microlib/fpflt.c                0x00000000   Number         0  ffltui.o ABSOLUTE
    ../fplib/microlib/fpmul.c                0x00000000   Number         0  fmul.o ABSOLUTE
    ../fplib/microlib/fpmul.c                0x00000000   Number         0  dmul.o ABSOLUTE
    ..\BSP\bsp.c                             0x00000000   Number         0  bsp.o ABSOLUTE
    ..\BSP\bsp_bluetooth.c                   0x00000000   Number         0  bsp_bluetooth.o ABSOLUTE
    ..\BSP\bsp_copy.c                        0x00000000   Number         0  bsp_copy.o ABSOLUTE
    ..\BSP\bsp_led.c                         0x00000000   Number         0  bsp_led.o ABSOLUTE
    ..\BSP\bsp_motor.c                       0x00000000   Number         0  bsp_motor.o ABSOLUTE
    ..\BSP\bsp_mp3.c                         0x00000000   Number         0  bsp_mp3.o ABSOLUTE
    ..\BSP\bsp_sonar.c                       0x00000000   Number         0  bsp_sonar.o ABSOLUTE
    ..\BSP\bsp_st_infrared.c                 0x00000000   Number         0  bsp_st_infrared.o ABSOLUTE
    ..\BSP\bsp_systick.c                     0x00000000   Number         0  bsp_systick.o ABSOLUTE
    ..\BSP\bsp_usart.c                       0x00000000   Number         0  bsp_usart.o ABSOLUTE
    ..\CORE\core_cm3.c                       0x00000000   Number         0  core_cm3.o ABSOLUTE
    ..\CORE\startup_stm32f10x_md.s           0x00000000   Number         0  startup_stm32f10x_md.o ABSOLUTE
    ..\STM32F10x_FWLib\src\misc.c            0x00000000   Number         0  misc.o ABSOLUTE
    ..\STM32F10x_FWLib\src\stm32f10x_adc.c   0x00000000   Number         0  stm32f10x_adc.o ABSOLUTE
    ..\STM32F10x_FWLib\src\stm32f10x_bkp.c   0x00000000   Number         0  stm32f10x_bkp.o ABSOLUTE
    ..\STM32F10x_FWLib\src\stm32f10x_can.c   0x00000000   Number         0  stm32f10x_can.o ABSOLUTE
    ..\STM32F10x_FWLib\src\stm32f10x_cec.c   0x00000000   Number         0  stm32f10x_cec.o ABSOLUTE
    ..\STM32F10x_FWLib\src\stm32f10x_crc.c   0x00000000   Number         0  stm32f10x_crc.o ABSOLUTE
    ..\STM32F10x_FWLib\src\stm32f10x_dac.c   0x00000000   Number         0  stm32f10x_dac.o ABSOLUTE
    ..\STM32F10x_FWLib\src\stm32f10x_dbgmcu.c 0x00000000   Number         0  stm32f10x_dbgmcu.o ABSOLUTE
    ..\STM32F10x_FWLib\src\stm32f10x_dma.c   0x00000000   Number         0  stm32f10x_dma.o ABSOLUTE
    ..\STM32F10x_FWLib\src\stm32f10x_exti.c  0x00000000   Number         0  stm32f10x_exti.o ABSOLUTE
    ..\STM32F10x_FWLib\src\stm32f10x_flash.c 0x00000000   Number         0  stm32f10x_flash.o ABSOLUTE
    ..\STM32F10x_FWLib\src\stm32f10x_fsmc.c  0x00000000   Number         0  stm32f10x_fsmc.o ABSOLUTE
    ..\STM32F10x_FWLib\src\stm32f10x_gpio.c  0x00000000   Number         0  stm32f10x_gpio.o ABSOLUTE
    ..\STM32F10x_FWLib\src\stm32f10x_i2c.c   0x00000000   Number         0  stm32f10x_i2c.o ABSOLUTE
    ..\STM32F10x_FWLib\src\stm32f10x_iwdg.c  0x00000000   Number         0  stm32f10x_iwdg.o ABSOLUTE
    ..\STM32F10x_FWLib\src\stm32f10x_pwr.c   0x00000000   Number         0  stm32f10x_pwr.o ABSOLUTE
    ..\STM32F10x_FWLib\src\stm32f10x_rcc.c   0x00000000   Number         0  stm32f10x_rcc.o ABSOLUTE
    ..\STM32F10x_FWLib\src\stm32f10x_rtc.c   0x00000000   Number         0  stm32f10x_rtc.o ABSOLUTE
    ..\STM32F10x_FWLib\src\stm32f10x_sdio.c  0x00000000   Number         0  stm32f10x_sdio.o ABSOLUTE
    ..\STM32F10x_FWLib\src\stm32f10x_spi.c   0x00000000   Number         0  stm32f10x_spi.o ABSOLUTE
    ..\STM32F10x_FWLib\src\stm32f10x_tim.c   0x00000000   Number         0  stm32f10x_tim.o ABSOLUTE
    ..\STM32F10x_FWLib\src\stm32f10x_usart.c 0x00000000   Number         0  stm32f10x_usart.o ABSOLUTE
    ..\STM32F10x_FWLib\src\stm32f10x_wwdg.c  0x00000000   Number         0  stm32f10x_wwdg.o ABSOLUTE
    ..\\CORE\\core_cm3.c                     0x00000000   Number         0  core_cm3.o ABSOLUTE
    cfcmple.s                                0x00000000   Number         0  cfcmple.o ABSOLUTE
    cfrcmple.s                               0x00000000   Number         0  cfrcmple.o ABSOLUTE
    dc.s                                     0x00000000   Number         0  dc.o ABSOLUTE
    handlers.s                               0x00000000   Number         0  handlers.o ABSOLUTE
    init.s                                   0x00000000   Number         0  init.o ABSOLUTE
    main.c                                   0x00000000   Number         0  main.o ABSOLUTE
    stm32f10x_it.c                           0x00000000   Number         0  stm32f10x_it.o ABSOLUTE
    system_stm32f10x.c                       0x00000000   Number         0  system_stm32f10x.o ABSOLUTE
    RESET                                    0x08000000   Section      236  startup_stm32f10x_md.o(RESET)
    .ARM.Collect$$$$00000000                 0x080000ec   Section        0  entry.o(.ARM.Collect$$$$00000000)
    .ARM.Collect$$$$00000001                 0x080000ec   Section        4  entry2.o(.ARM.Collect$$$$00000001)
    .ARM.Collect$$$$00000004                 0x080000f0   Section        4  entry5.o(.ARM.Collect$$$$00000004)
    .ARM.Collect$$$$00000008                 0x080000f4   Section        0  entry7b.o(.ARM.Collect$$$$00000008)
    .ARM.Collect$$$$0000000A                 0x080000f4   Section        0  entry8b.o(.ARM.Collect$$$$0000000A)
    .ARM.Collect$$$$0000000B                 0x080000f4   Section        8  entry9a.o(.ARM.Collect$$$$0000000B)
    .ARM.Collect$$$$0000000D                 0x080000fc   Section        0  entry10a.o(.ARM.Collect$$$$0000000D)
    .ARM.Collect$$$$0000000F                 0x080000fc   Section        0  entry11a.o(.ARM.Collect$$$$0000000F)
    .ARM.Collect$$$$00002712                 0x080000fc   Section        4  entry2.o(.ARM.Collect$$$$00002712)
    __lit__00000000                          0x080000fc   Data           4  entry2.o(.ARM.Collect$$$$00002712)
    .text                                    0x08000100   Section        0  main.o(.text)
    .text                                    0x08000190   Section        0  stm32f10x_it.o(.text)
    .text                                    0x080001a8   Section        0  system_stm32f10x.o(.text)
    SetSysClockTo72                          0x080001a9   Thumb Code   214  system_stm32f10x.o(.text)
    SetSysClock                              0x0800027f   Thumb Code     8  system_stm32f10x.o(.text)
    .text                                    0x08000388   Section       36  startup_stm32f10x_md.o(.text)
    .text                                    0x080003ac   Section        0  misc.o(.text)
    .text                                    0x08000488   Section        0  stm32f10x_adc.o(.text)
    .text                                    0x080008d8   Section        0  stm32f10x_bkp.o(.text)
    .text                                    0x0800099c   Section        0  stm32f10x_dma.o(.text)
    .text                                    0x08000bf0   Section        0  stm32f10x_exti.o(.text)
    .text                                    0x08000d0c   Section        0  stm32f10x_gpio.o(.text)
    .text                                    0x08001068   Section        0  stm32f10x_pwr.o(.text)
    .text                                    0x08001134   Section        0  stm32f10x_rcc.o(.text)
    .text                                    0x080014d8   Section        0  stm32f10x_tim.o(.text)
    TI4_Config                               0x0800197f   Thumb Code   130  stm32f10x_tim.o(.text)
    TI3_Config                               0x08001a13   Thumb Code   122  stm32f10x_tim.o(.text)
    TI2_Config                               0x08001aa7   Thumb Code   130  stm32f10x_tim.o(.text)
    TI1_Config                               0x08001b3b   Thumb Code   108  stm32f10x_tim.o(.text)
    .text                                    0x080022f4   Section        0  stm32f10x_usart.o(.text)
    .text                                    0x080026fc   Section        0  bsp.o(.text)
    .text                                    0x080027dc   Section        0  bsp_led.o(.text)
    WS2812_Update                            0x0800286d   Thumb Code    74  bsp_led.o(.text)
    Set_Led_Color                            0x080028b7   Thumb Code   164  bsp_led.o(.text)
    .text                                    0x08002edc   Section        0  bsp_systick.o(.text)
    .text                                    0x08002fac   Section        0  bsp_bluetooth.o(.text)
    BLE_GPIO_Init                            0x08002fad   Thumb Code    60  bsp_bluetooth.o(.text)
    BLE_USART1_Init                          0x08002fe9   Thumb Code    52  bsp_bluetooth.o(.text)
    .text                                    0x0800315c   Section        0  bsp_usart.o(.text)
    .text                                    0x080031d8   Section        0  bsp_mp3.o(.text)
    MP3_GPIO_Init                            0x080031d9   Thumb Code    36  bsp_mp3.o(.text)
    MP3_USART3_Init                          0x080031fd   Thumb Code    58  bsp_mp3.o(.text)
    MP3_MSG_Pack                             0x08003243   Thumb Code   284  bsp_mp3.o(.text)
    .text                                    0x080034c4   Section        0  bsp_copy.o(.text)
    .text                                    0x08003548   Section        0  bsp_motor.o(.text)
    Motor_RCC_Init                           0x08003549   Thumb Code    38  bsp_motor.o(.text)
    Motor_GPIO_Init                          0x0800357d   Thumb Code    78  bsp_motor.o(.text)
    Motor_TIM3_Init                          0x080035cb   Thumb Code    60  bsp_motor.o(.text)
    Motor_A_Brake                            0x08003617   Thumb Code    24  bsp_motor.o(.text)
    Motor_B_Brake                            0x0800362f   Thumb Code    24  bsp_motor.o(.text)
    Motor_A_CCW                              0x08003647   Thumb Code    24  bsp_motor.o(.text)
    Motor_B_CCW                              0x0800365f   Thumb Code    24  bsp_motor.o(.text)
    Motor_A_CW                               0x08003677   Thumb Code    24  bsp_motor.o(.text)
    Motor_B_CW                               0x0800368f   Thumb Code    24  bsp_motor.o(.text)
    Motor_Control                            0x080036b5   Thumb Code    94  bsp_motor.o(.text)
    .text                                    0x08003828   Section        0  bsp_sonar.o(.text)
    Sonar_RCC_Init                           0x08003829   Thumb Code    20  bsp_sonar.o(.text)
    Sonar_GPIO_Init                          0x0800383d   Thumb Code    36  bsp_sonar.o(.text)
    Sonar_TIM2_Init                          0x08003861   Thumb Code    40  bsp_sonar.o(.text)
    Sonar_EXTI4_Init                         0x08003889   Thumb Code    20  bsp_sonar.o(.text)
    Sonar_Triger_Emit                        0x080038b1   Thumb Code    32  bsp_sonar.o(.text)
    Sonar_Counter_Start                      0x080038d1   Thumb Code    28  bsp_sonar.o(.text)
    Sonar_Counter_Stop                       0x080038ed   Thumb Code    14  bsp_sonar.o(.text)
    Sonar_Echo_Time_Get                      0x080038fb   Thumb Code    28  bsp_sonar.o(.text)
    .text                                    0x08003a1c   Section        0  bsp_st_infrared.o(.text)
    ST_Infrared_RCC_Init                     0x08003a1d   Thumb Code    22  bsp_st_infrared.o(.text)
    ST_Infrared_GPIO_Init                    0x08003a33   Thumb Code    68  bsp_st_infrared.o(.text)
    ST_Infrared_DMA_Init                     0x08003a77   Thumb Code    36  bsp_st_infrared.o(.text)
    ST_Infrared_ADC_Init                     0x08003a9b   Thumb Code    96  bsp_st_infrared.o(.text)
    .text                                    0x08003be4   Section        0  memseta.o(.text)
    .text                                    0x08003c08   Section        0  strlen.o(.text)
    .text                                    0x08003c16   Section        0  fadd.o(.text)
    .text                                    0x08003cc6   Section        0  fmul.o(.text)
    .text                                    0x08003d2a   Section        0  fdiv.o(.text)
    .text                                    0x08003da6   Section        0  dadd.o(.text)
    .text                                    0x08003ef4   Section        0  dmul.o(.text)
    .text                                    0x08003fd8   Section        0  ddiv.o(.text)
    .text                                    0x080040b6   Section        0  fflti.o(.text)
    .text                                    0x080040c8   Section        0  ffltui.o(.text)
    .text                                    0x080040d2   Section        0  ffixi.o(.text)
    .text                                    0x08004104   Section        0  ffixui.o(.text)
    .text                                    0x0800412c   Section        0  f2d.o(.text)
    .text                                    0x08004152   Section        0  d2f.o(.text)
    .text                                    0x0800418c   Section       20  cfcmple.o(.text)
    .text                                    0x080041a0   Section       20  cfrcmple.o(.text)
    .text                                    0x080041b4   Section        0  llshl.o(.text)
    .text                                    0x080041d2   Section        0  llsshr.o(.text)
    .text                                    0x080041f6   Section        0  fepilogue.o(.text)
    .text                                    0x080041f6   Section        0  iusefp.o(.text)
    .text                                    0x08004264   Section        0  depilogue.o(.text)
    .text                                    0x08004320   Section       36  init.o(.text)
    .text                                    0x08004344   Section        0  llushr.o(.text)
    .text                                    0x08004364   Section        0  __dczerorl2.o(.text)
    i.__scatterload_copy                     0x080043ba   Section       14  handlers.o(i.__scatterload_copy)
    i.__scatterload_null                     0x080043c8   Section        2  handlers.o(i.__scatterload_null)
    i.__scatterload_zeroinit                 0x080043ca   Section       14  handlers.o(i.__scatterload_zeroinit)
    .data                                    0x20000000   Section       20  system_stm32f10x.o(.data)
    .data                                    0x20000014   Section       20  stm32f10x_rcc.o(.data)
    APBAHBPrescTable                         0x20000014   Data          16  stm32f10x_rcc.o(.data)
    ADCPrescTable                            0x20000024   Data           4  stm32f10x_rcc.o(.data)
    .data                                    0x20000028   Section      122  bsp_led.o(.data)
    Logo_Led_GPIO_Config                     0x20000028   Data           4  bsp_led.o(.data)
    Four_Led_GPIO_Config                     0x2000002c   Data           4  bsp_led.o(.data)
    Logo_Led_DMA_Config                      0x20000030   Data          44  bsp_led.o(.data)
    Four_Led_DMA_Config                      0x2000005c   Data          44  bsp_led.o(.data)
    Led_TIM4_Config                          0x20000088   Data          10  bsp_led.o(.data)
    Led_OC_Config                            0x20000092   Data          16  bsp_led.o(.data)
    .data                                    0x200000a4   Section        4  bsp_systick.o(.data)
    Timing_Delay                             0x200000a4   Data           4  bsp_systick.o(.data)
    .data                                    0x200000a8   Section       36  bsp_bluetooth.o(.data)
    BLE_GPIO_Rx_Config                       0x200000aa   Data           4  bsp_bluetooth.o(.data)
    BLE_GPIO_Tx_Config                       0x200000ae   Data           4  bsp_bluetooth.o(.data)
    BLE_PWRC_Config                          0x200000b2   Data           4  bsp_bluetooth.o(.data)
    BLE_DISC_Config                          0x200000b6   Data           4  bsp_bluetooth.o(.data)
    BLE_USART1_Config                        0x200000bc   Data          16  bsp_bluetooth.o(.data)
    .data                                    0x200000cc   Section       28  bsp_mp3.o(.data)
    counter                                  0x200000cc   Data           1  bsp_mp3.o(.data)
    MP3_GPIO_Rx_Config                       0x200000ce   Data           4  bsp_mp3.o(.data)
    MP3_GPIO_Tx_Config                       0x200000d2   Data           4  bsp_mp3.o(.data)
    MP3_USART3_Config                        0x200000d8   Data          16  bsp_mp3.o(.data)
    .data                                    0x200000e8   Section        1  bsp_copy.o(.data)
    .data                                    0x200000ea   Section       70  bsp_motor.o(.data)
    Motor_AIN1_Config                        0x200000ea   Data           4  bsp_motor.o(.data)
    Motor_AIN2_Config                        0x200000ee   Data           4  bsp_motor.o(.data)
    Motor_PWMA_Config                        0x200000f2   Data           4  bsp_motor.o(.data)
    Motor_BIN1_Config                        0x200000f6   Data           4  bsp_motor.o(.data)
    Motor_BIN2_Config                        0x200000fa   Data           4  bsp_motor.o(.data)
    Motor_PWMB_Config                        0x200000fe   Data           4  bsp_motor.o(.data)
    Motor_STBY_Config                        0x20000102   Data           4  bsp_motor.o(.data)
    Motor_TIM3_Config                        0x20000106   Data          10  bsp_motor.o(.data)
    Motor_TIM3_PWMA_Config                   0x20000110   Data          16  bsp_motor.o(.data)
    Motor_TIM3_PWMB_Config                   0x20000120   Data          16  bsp_motor.o(.data)
    .data                                    0x20000130   Section       40  bsp_sonar.o(.data)
    Sonar_Triger_Config                      0x2000013c   Data           4  bsp_sonar.o(.data)
    Sonar_Echo_Config                        0x20000140   Data           4  bsp_sonar.o(.data)
    Sonar_TIM2_Config                        0x20000144   Data          10  bsp_sonar.o(.data)
    Sonar_EXTI4_Config                       0x20000150   Data           8  bsp_sonar.o(.data)
    .data                                    0x20000158   Section       84  bsp_st_infrared.o(.data)
    ST_Infrared_OUT5_Config                  0x2000015c   Data           4  bsp_st_infrared.o(.data)
    ST_Infrared_OUT6_Config                  0x20000160   Data           4  bsp_st_infrared.o(.data)
    ST_Infrared_AOUT5_Config                 0x20000164   Data           4  bsp_st_infrared.o(.data)
    ST_Infrared_AOUT6_Config                 0x20000168   Data           4  bsp_st_infrared.o(.data)
    ST_Infrared_DMA_Config                   0x2000016c   Data          44  bsp_st_infrared.o(.data)
    ST_Infrared_ADC_Config                   0x20000198   Data          20  bsp_st_infrared.o(.data)
    .bss                                     0x200001ac   Section      197  bsp_led.o(.bss)
    .bss                                     0x20000271   Section       20  bsp_bluetooth.o(.bss)
    .bss                                     0x20000285   Section       20  bsp_mp3.o(.bss)
    .bss                                     0x2000029a   Section      120  bsp_st_infrared.o(.bss)
    STACK                                    0x20000318   Section     1024  startup_stm32f10x_md.o(STACK)

    Global Symbols

    Symbol Name                              Value     Ov Type        Size  Object(Section)

    BuildAttributes$$THM_ISAv4$P$D$K$B$S$PE$A:L22UL41UL21$X:L11$S22US41US21$IEEE1$IW$USESV6$~STKCKD$USESV7$~SHL$OTIME$ROPI$EBA8$MICROLIB$REQ8$PRES8$EABIv2 0x00000000   Number         0  anon$$obj.o ABSOLUTE
    __ARM_use_no_argv                        0x00000000   Number         0  main.o ABSOLUTE
    __cpp_initialize__aeabi_                  - Undefined Weak Reference
    __cxa_finalize                            - Undefined Weak Reference
    _clock_init                               - Undefined Weak Reference
    _microlib_exit                            - Undefined Weak Reference
    __Vectors_Size                           0x000000ec   Number         0  startup_stm32f10x_md.o ABSOLUTE
    __Vectors                                0x08000000   Data           4  startup_stm32f10x_md.o(RESET)
    __Vectors_End                            0x080000ec   Data           0  startup_stm32f10x_md.o(RESET)
    __main                                   0x080000ed   Thumb Code     0  entry.o(.ARM.Collect$$$$00000000)
    _main_stk                                0x080000ed   Thumb Code     0  entry2.o(.ARM.Collect$$$$00000001)
    _main_scatterload                        0x080000f1   Thumb Code     0  entry5.o(.ARM.Collect$$$$00000004)
    __main_after_scatterload                 0x080000f5   Thumb Code     0  entry5.o(.ARM.Collect$$$$00000004)
    _main_clock                              0x080000f5   Thumb Code     0  entry7b.o(.ARM.Collect$$$$00000008)
    _main_cpp_init                           0x080000f5   Thumb Code     0  entry8b.o(.ARM.Collect$$$$0000000A)
    _main_init                               0x080000f5   Thumb Code     0  entry9a.o(.ARM.Collect$$$$0000000B)
    __rt_final_cpp                           0x080000fd   Thumb Code     0  entry10a.o(.ARM.Collect$$$$0000000D)
    __rt_final_exit                          0x080000fd   Thumb Code     0  entry11a.o(.ARM.Collect$$$$0000000F)
    main                                     0x08000101   Thumb Code    82  main.o(.text)
    UartSendChar                             0x08000153   Thumb Code    30  main.o(.text)
    UartSendString                           0x08000171   Thumb Code    32  main.o(.text)
    NMI_Handler                              0x08000191   Thumb Code     2  stm32f10x_it.o(.text)
    HardFault_Handler                        0x08000193   Thumb Code     4  stm32f10x_it.o(.text)
    MemManage_Handler                        0x08000197   Thumb Code     4  stm32f10x_it.o(.text)
    BusFault_Handler                         0x0800019b   Thumb Code     4  stm32f10x_it.o(.text)
    UsageFault_Handler                       0x0800019f   Thumb Code     4  stm32f10x_it.o(.text)
    SVC_Handler                              0x080001a3   Thumb Code     2  stm32f10x_it.o(.text)
    DebugMon_Handler                         0x080001a5   Thumb Code     2  stm32f10x_it.o(.text)
    PendSV_Handler                           0x080001a7   Thumb Code     2  stm32f10x_it.o(.text)
    SystemInit                               0x08000287   Thumb Code    78  system_stm32f10x.o(.text)
    SystemCoreClockUpdate                    0x080002d5   Thumb Code   142  system_stm32f10x.o(.text)
    Reset_Handler                            0x08000389   Thumb Code     8  startup_stm32f10x_md.o(.text)
    ADC1_2_IRQHandler                        0x080003a3   Thumb Code     0  startup_stm32f10x_md.o(.text)
    CAN1_RX1_IRQHandler                      0x080003a3   Thumb Code     0  startup_stm32f10x_md.o(.text)
    CAN1_SCE_IRQHandler                      0x080003a3   Thumb Code     0  startup_stm32f10x_md.o(.text)
    DMA1_Channel2_IRQHandler                 0x080003a3   Thumb Code     0  startup_stm32f10x_md.o(.text)
    DMA1_Channel3_IRQHandler                 0x080003a3   Thumb Code     0  startup_stm32f10x_md.o(.text)
    DMA1_Channel5_IRQHandler                 0x080003a3   Thumb Code     0  startup_stm32f10x_md.o(.text)
    DMA1_Channel6_IRQHandler                 0x080003a3   Thumb Code     0  startup_stm32f10x_md.o(.text)
    DMA1_Channel7_IRQHandler                 0x080003a3   Thumb Code     0  startup_stm32f10x_md.o(.text)
    EXTI0_IRQHandler                         0x080003a3   Thumb Code     0  startup_stm32f10x_md.o(.text)
    EXTI15_10_IRQHandler                     0x080003a3   Thumb Code     0  startup_stm32f10x_md.o(.text)
    EXTI1_IRQHandler                         0x080003a3   Thumb Code     0  startup_stm32f10x_md.o(.text)
    EXTI2_IRQHandler                         0x080003a3   Thumb Code     0  startup_stm32f10x_md.o(.text)
    EXTI3_IRQHandler                         0x080003a3   Thumb Code     0  startup_stm32f10x_md.o(.text)
    EXTI9_5_IRQHandler                       0x080003a3   Thumb Code     0  startup_stm32f10x_md.o(.text)
    FLASH_IRQHandler                         0x080003a3   Thumb Code     0  startup_stm32f10x_md.o(.text)
    I2C1_ER_IRQHandler                       0x080003a3   Thumb Code     0  startup_stm32f10x_md.o(.text)
    I2C1_EV_IRQHandler                       0x080003a3   Thumb Code     0  startup_stm32f10x_md.o(.text)
    I2C2_ER_IRQHandler                       0x080003a3   Thumb Code     0  startup_stm32f10x_md.o(.text)
    I2C2_EV_IRQHandler                       0x080003a3   Thumb Code     0  startup_stm32f10x_md.o(.text)
    PVD_IRQHandler                           0x080003a3   Thumb Code     0  startup_stm32f10x_md.o(.text)
    RCC_IRQHandler                           0x080003a3   Thumb Code     0  startup_stm32f10x_md.o(.text)
    RTCAlarm_IRQHandler                      0x080003a3   Thumb Code     0  startup_stm32f10x_md.o(.text)
    RTC_IRQHandler                           0x080003a3   Thumb Code     0  startup_stm32f10x_md.o(.text)
    SPI1_IRQHandler                          0x080003a3   Thumb Code     0  startup_stm32f10x_md.o(.text)
    SPI2_IRQHandler                          0x080003a3   Thumb Code     0  startup_stm32f10x_md.o(.text)
    TAMPER_IRQHandler                        0x080003a3   Thumb Code     0  startup_stm32f10x_md.o(.text)
    TIM1_BRK_IRQHandler                      0x080003a3   Thumb Code     0  startup_stm32f10x_md.o(.text)
    TIM1_CC_IRQHandler                       0x080003a3   Thumb Code     0  startup_stm32f10x_md.o(.text)
    TIM1_TRG_COM_IRQHandler                  0x080003a3   Thumb Code     0  startup_stm32f10x_md.o(.text)
    TIM1_UP_IRQHandler                       0x080003a3   Thumb Code     0  startup_stm32f10x_md.o(.text)
    TIM3_IRQHandler                          0x080003a3   Thumb Code     0  startup_stm32f10x_md.o(.text)
    TIM4_IRQHandler                          0x080003a3   Thumb Code     0  startup_stm32f10x_md.o(.text)
    USART2_IRQHandler                        0x080003a3   Thumb Code     0  startup_stm32f10x_md.o(.text)
    USBWakeUp_IRQHandler                     0x080003a3   Thumb Code     0  startup_stm32f10x_md.o(.text)
    USB_HP_CAN1_TX_IRQHandler                0x080003a3   Thumb Code     0  startup_stm32f10x_md.o(.text)
    USB_LP_CAN1_RX0_IRQHandler               0x080003a3   Thumb Code     0  startup_stm32f10x_md.o(.text)
    WWDG_IRQHandler                          0x080003a3   Thumb Code     0  startup_stm32f10x_md.o(.text)
    NVIC_PriorityGroupConfig                 0x080003ad   Thumb Code    10  misc.o(.text)
    NVIC_Init                                0x080003b7   Thumb Code   100  misc.o(.text)
    NVIC_SetVectorTable                      0x0800041b   Thumb Code    14  misc.o(.text)
    NVIC_SystemLPConfig                      0x08000429   Thumb Code    34  misc.o(.text)
    SysTick_CLKSourceConfig                  0x0800044b   Thumb Code    40  misc.o(.text)
    ADC_DeInit                               0x08000489   Thumb Code    78  stm32f10x_adc.o(.text)
    ADC_Init                                 0x080004d7   Thumb Code    70  stm32f10x_adc.o(.text)
    ADC_StructInit                           0x0800051d   Thumb Code    18  stm32f10x_adc.o(.text)
    ADC_Cmd                                  0x0800052f   Thumb Code    22  stm32f10x_adc.o(.text)
    ADC_DMACmd                               0x08000545   Thumb Code    22  stm32f10x_adc.o(.text)
    ADC_ITConfig                             0x0800055b   Thumb Code    24  stm32f10x_adc.o(.text)
    ADC_ResetCalibration                     0x08000573   Thumb Code    10  stm32f10x_adc.o(.text)
    ADC_GetResetCalibrationStatus            0x0800057d   Thumb Code    20  stm32f10x_adc.o(.text)
    ADC_StartCalibration                     0x08000591   Thumb Code    10  stm32f10x_adc.o(.text)
    ADC_GetCalibrationStatus                 0x0800059b   Thumb Code    20  stm32f10x_adc.o(.text)
    ADC_SoftwareStartConvCmd                 0x080005af   Thumb Code    22  stm32f10x_adc.o(.text)
    ADC_GetSoftwareStartConvStatus           0x080005c5   Thumb Code    20  stm32f10x_adc.o(.text)
    ADC_DiscModeChannelCountConfig           0x080005d9   Thumb Code    24  stm32f10x_adc.o(.text)
    ADC_DiscModeCmd                          0x080005f1   Thumb Code    22  stm32f10x_adc.o(.text)
    ADC_RegularChannelConfig                 0x08000607   Thumb Code   184  stm32f10x_adc.o(.text)
    ADC_ExternalTrigConvCmd                  0x080006bf   Thumb Code    22  stm32f10x_adc.o(.text)
    ADC_GetConversionValue                   0x080006d5   Thumb Code     8  stm32f10x_adc.o(.text)
    ADC_GetDualModeConversionValue           0x080006dd   Thumb Code     8  stm32f10x_adc.o(.text)
    ADC_AutoInjectedConvCmd                  0x080006e5   Thumb Code    22  stm32f10x_adc.o(.text)
    ADC_InjectedDiscModeCmd                  0x080006fb   Thumb Code    22  stm32f10x_adc.o(.text)
    ADC_ExternalTrigInjectedConvConfig       0x08000711   Thumb Code    16  stm32f10x_adc.o(.text)
    ADC_ExternalTrigInjectedConvCmd          0x08000721   Thumb Code    22  stm32f10x_adc.o(.text)
    ADC_SoftwareStartInjectedConvCmd         0x08000737   Thumb Code    22  stm32f10x_adc.o(.text)
    ADC_GetSoftwareStartInjectedConvCmdStatus 0x0800074d   Thumb Code    20  stm32f10x_adc.o(.text)
    ADC_InjectedChannelConfig                0x08000761   Thumb Code   130  stm32f10x_adc.o(.text)
    ADC_InjectedSequencerLengthConfig        0x080007e3   Thumb Code    24  stm32f10x_adc.o(.text)
    ADC_SetInjectedOffset                    0x080007fb   Thumb Code    20  stm32f10x_adc.o(.text)
    ADC_GetInjectedConversionValue           0x0800080f   Thumb Code    28  stm32f10x_adc.o(.text)
    ADC_AnalogWatchdogCmd                    0x0800082b   Thumb Code    16  stm32f10x_adc.o(.text)
    ADC_AnalogWatchdogThresholdsConfig       0x0800083b   Thumb Code     6  stm32f10x_adc.o(.text)
    ADC_AnalogWatchdogSingleChannelConfig    0x08000841   Thumb Code    16  stm32f10x_adc.o(.text)
    ADC_TempSensorVrefintCmd                 0x08000851   Thumb Code    64  stm32f10x_adc.o(.text)
    ADC_GetFlagStatus                        0x08000891   Thumb Code    18  stm32f10x_adc.o(.text)
    ADC_ClearFlag                            0x080008a3   Thumb Code     6  stm32f10x_adc.o(.text)
    ADC_GetITStatus                          0x080008a9   Thumb Code    36  stm32f10x_adc.o(.text)
    ADC_ClearITPendingBit                    0x080008cd   Thumb Code    10  stm32f10x_adc.o(.text)
    BKP_DeInit                               0x080008d9   Thumb Code    16  stm32f10x_bkp.o(.text)
    BKP_TamperPinLevelConfig                 0x080008e9   Thumb Code     6  stm32f10x_bkp.o(.text)
    BKP_TamperPinCmd                         0x080008ef   Thumb Code     8  stm32f10x_bkp.o(.text)
    BKP_ITConfig                             0x080008f7   Thumb Code     8  stm32f10x_bkp.o(.text)
    BKP_RTCOutputConfig                      0x080008ff   Thumb Code    22  stm32f10x_bkp.o(.text)
    BKP_SetRTCCalibrationValue               0x08000915   Thumb Code    22  stm32f10x_bkp.o(.text)
    BKP_WriteBackupRegister                  0x0800092b   Thumb Code    24  stm32f10x_bkp.o(.text)
    BKP_ReadBackupRegister                   0x08000943   Thumb Code    26  stm32f10x_bkp.o(.text)
    BKP_GetFlagStatus                        0x0800095d   Thumb Code    10  stm32f10x_bkp.o(.text)
    BKP_ClearFlag                            0x08000967   Thumb Code    18  stm32f10x_bkp.o(.text)
    BKP_GetITStatus                          0x08000979   Thumb Code    10  stm32f10x_bkp.o(.text)
    BKP_ClearITPendingBit                    0x08000983   Thumb Code    18  stm32f10x_bkp.o(.text)
    DMA_DeInit                               0x0800099d   Thumb Code   324  stm32f10x_dma.o(.text)
    DMA_Init                                 0x08000ae1   Thumb Code    60  stm32f10x_dma.o(.text)
    DMA_StructInit                           0x08000b1d   Thumb Code    26  stm32f10x_dma.o(.text)
    DMA_Cmd                                  0x08000b37   Thumb Code    24  stm32f10x_dma.o(.text)
    DMA_ITConfig                             0x08000b4f   Thumb Code    18  stm32f10x_dma.o(.text)
    DMA_SetCurrDataCounter                   0x08000b61   Thumb Code     4  stm32f10x_dma.o(.text)
    DMA_GetCurrDataCounter                   0x08000b65   Thumb Code     8  stm32f10x_dma.o(.text)
    DMA_GetFlagStatus                        0x08000b6d   Thumb Code    40  stm32f10x_dma.o(.text)
    DMA_ClearFlag                            0x08000b95   Thumb Code    22  stm32f10x_dma.o(.text)
    DMA_GetITStatus                          0x08000bab   Thumb Code    40  stm32f10x_dma.o(.text)
    DMA_ClearITPendingBit                    0x08000bd3   Thumb Code    22  stm32f10x_dma.o(.text)
    EXTI_DeInit                              0x08000bf1   Thumb Code    28  stm32f10x_exti.o(.text)
    EXTI_Init                                0x08000c0d   Thumb Code   142  stm32f10x_exti.o(.text)
    EXTI_StructInit                          0x08000c9b   Thumb Code    16  stm32f10x_exti.o(.text)
    EXTI_GenerateSWInterrupt                 0x08000cab   Thumb Code    16  stm32f10x_exti.o(.text)
    EXTI_GetFlagStatus                       0x08000cbb   Thumb Code    22  stm32f10x_exti.o(.text)
    EXTI_ClearFlag                           0x08000cd1   Thumb Code     8  stm32f10x_exti.o(.text)
    EXTI_GetITStatus                         0x08000cd9   Thumb Code    34  stm32f10x_exti.o(.text)
    EXTI_ClearITPendingBit                   0x08000cfb   Thumb Code     8  stm32f10x_exti.o(.text)
    GPIO_DeInit                              0x08000d0d   Thumb Code   172  stm32f10x_gpio.o(.text)
    GPIO_AFIODeInit                          0x08000db9   Thumb Code    20  stm32f10x_gpio.o(.text)
    GPIO_Init                                0x08000dcd   Thumb Code   278  stm32f10x_gpio.o(.text)
    GPIO_StructInit                          0x08000ee3   Thumb Code    16  stm32f10x_gpio.o(.text)
    GPIO_ReadInputDataBit                    0x08000ef3   Thumb Code    18  stm32f10x_gpio.o(.text)
    GPIO_ReadInputData                       0x08000f05   Thumb Code     8  stm32f10x_gpio.o(.text)
    GPIO_ReadOutputDataBit                   0x08000f0d   Thumb Code    18  stm32f10x_gpio.o(.text)
    GPIO_ReadOutputData                      0x08000f1f   Thumb Code     8  stm32f10x_gpio.o(.text)
    GPIO_SetBits                             0x08000f27   Thumb Code     4  stm32f10x_gpio.o(.text)
    GPIO_ResetBits                           0x08000f2b   Thumb Code     4  stm32f10x_gpio.o(.text)
    GPIO_WriteBit                            0x08000f2f   Thumb Code    10  stm32f10x_gpio.o(.text)
    GPIO_Write                               0x08000f39   Thumb Code     4  stm32f10x_gpio.o(.text)
    GPIO_PinLockConfig                       0x08000f3d   Thumb Code    18  stm32f10x_gpio.o(.text)
    GPIO_EventOutputConfig                   0x08000f4f   Thumb Code    26  stm32f10x_gpio.o(.text)
    GPIO_EventOutputCmd                      0x08000f69   Thumb Code     6  stm32f10x_gpio.o(.text)
    GPIO_PinRemapConfig                      0x08000f6f   Thumb Code   138  stm32f10x_gpio.o(.text)
    GPIO_EXTILineConfig                      0x08000ff9   Thumb Code    66  stm32f10x_gpio.o(.text)
    GPIO_ETH_MediaInterfaceConfig            0x0800103b   Thumb Code     8  stm32f10x_gpio.o(.text)
    PWR_DeInit                               0x08001069   Thumb Code    22  stm32f10x_pwr.o(.text)
    PWR_BackupAccessCmd                      0x0800107f   Thumb Code     6  stm32f10x_pwr.o(.text)
    PWR_PVDCmd                               0x08001085   Thumb Code     6  stm32f10x_pwr.o(.text)
    PWR_PVDLevelConfig                       0x0800108b   Thumb Code    18  stm32f10x_pwr.o(.text)
    PWR_WakeUpPinCmd                         0x0800109d   Thumb Code     8  stm32f10x_pwr.o(.text)
    PWR_EnterSTOPMode                        0x080010a5   Thumb Code    54  stm32f10x_pwr.o(.text)
    PWR_EnterSTANDBYMode                     0x080010db   Thumb Code    42  stm32f10x_pwr.o(.text)
    PWR_GetFlagStatus                        0x08001105   Thumb Code    20  stm32f10x_pwr.o(.text)
    PWR_ClearFlag                            0x08001119   Thumb Code    14  stm32f10x_pwr.o(.text)
    RCC_DeInit                               0x08001135   Thumb Code    64  stm32f10x_rcc.o(.text)
    RCC_HSEConfig                            0x08001175   Thumb Code    70  stm32f10x_rcc.o(.text)
    RCC_GetFlagStatus                        0x080011bb   Thumb Code    56  stm32f10x_rcc.o(.text)
    RCC_WaitForHSEStartUp                    0x080011f3   Thumb Code    56  stm32f10x_rcc.o(.text)
    RCC_AdjustHSICalibrationValue            0x0800122b   Thumb Code    20  stm32f10x_rcc.o(.text)
    RCC_HSICmd                               0x0800123f   Thumb Code     6  stm32f10x_rcc.o(.text)
    RCC_PLLConfig                            0x08001245   Thumb Code    24  stm32f10x_rcc.o(.text)
    RCC_PLLCmd                               0x0800125d   Thumb Code     6  stm32f10x_rcc.o(.text)
    RCC_SYSCLKConfig                         0x08001263   Thumb Code    18  stm32f10x_rcc.o(.text)
    RCC_GetSYSCLKSource                      0x08001275   Thumb Code    10  stm32f10x_rcc.o(.text)
    RCC_HCLKConfig                           0x0800127f   Thumb Code    18  stm32f10x_rcc.o(.text)
    RCC_PCLK1Config                          0x08001291   Thumb Code    18  stm32f10x_rcc.o(.text)
    RCC_PCLK2Config                          0x080012a3   Thumb Code    20  stm32f10x_rcc.o(.text)
    RCC_ITConfig                             0x080012b7   Thumb Code    26  stm32f10x_rcc.o(.text)
    RCC_USBCLKConfig                         0x080012d1   Thumb Code     8  stm32f10x_rcc.o(.text)
    RCC_ADCCLKConfig                         0x080012d9   Thumb Code    18  stm32f10x_rcc.o(.text)
    RCC_LSEConfig                            0x080012eb   Thumb Code    50  stm32f10x_rcc.o(.text)
    RCC_LSICmd                               0x0800131d   Thumb Code     6  stm32f10x_rcc.o(.text)
    RCC_RTCCLKConfig                         0x08001323   Thumb Code    12  stm32f10x_rcc.o(.text)
    RCC_RTCCLKCmd                            0x0800132f   Thumb Code     8  stm32f10x_rcc.o(.text)
    RCC_GetClocksFreq                        0x08001337   Thumb Code   192  stm32f10x_rcc.o(.text)
    RCC_AHBPeriphClockCmd                    0x080013f7   Thumb Code    26  stm32f10x_rcc.o(.text)
    RCC_APB2PeriphClockCmd                   0x08001411   Thumb Code    26  stm32f10x_rcc.o(.text)
    RCC_APB1PeriphClockCmd                   0x0800142b   Thumb Code    26  stm32f10x_rcc.o(.text)
    RCC_APB2PeriphResetCmd                   0x08001445   Thumb Code    26  stm32f10x_rcc.o(.text)
    RCC_APB1PeriphResetCmd                   0x0800145f   Thumb Code    26  stm32f10x_rcc.o(.text)
    RCC_BackupResetCmd                       0x08001479   Thumb Code     8  stm32f10x_rcc.o(.text)
    RCC_ClockSecuritySystemCmd               0x08001481   Thumb Code     6  stm32f10x_rcc.o(.text)
    RCC_MCOConfig                            0x08001487   Thumb Code     6  stm32f10x_rcc.o(.text)
    RCC_ClearFlag                            0x0800148d   Thumb Code    14  stm32f10x_rcc.o(.text)
    RCC_GetITStatus                          0x0800149b   Thumb Code    20  stm32f10x_rcc.o(.text)
    RCC_ClearITPendingBit                    0x080014af   Thumb Code     6  stm32f10x_rcc.o(.text)
    TIM_DeInit                               0x080014d9   Thumb Code   424  stm32f10x_tim.o(.text)
    TIM_TimeBaseInit                         0x08001681   Thumb Code   122  stm32f10x_tim.o(.text)
    TIM_OC1Init                              0x080016fb   Thumb Code   132  stm32f10x_tim.o(.text)
    TIM_OC2Init                              0x0800177f   Thumb Code   154  stm32f10x_tim.o(.text)
    TIM_OC3Init                              0x08001819   Thumb Code   150  stm32f10x_tim.o(.text)
    TIM_OC4Init                              0x080018af   Thumb Code   182  stm32f10x_tim.o(.text)
    TIM_SetIC4Prescaler                      0x08001965   Thumb Code    26  stm32f10x_tim.o(.text)
    TIM_SetIC3Prescaler                      0x08001a01   Thumb Code    18  stm32f10x_tim.o(.text)
    TIM_SetIC2Prescaler                      0x08001a8d   Thumb Code    26  stm32f10x_tim.o(.text)
    TIM_SetIC1Prescaler                      0x08001b29   Thumb Code    18  stm32f10x_tim.o(.text)
    TIM_ICInit                               0x08001ba7   Thumb Code   150  stm32f10x_tim.o(.text)
    TIM_PWMIConfig                           0x08001c3d   Thumb Code   124  stm32f10x_tim.o(.text)
    TIM_BDTRConfig                           0x08001cb9   Thumb Code    32  stm32f10x_tim.o(.text)
    TIM_TimeBaseStructInit                   0x08001cd9   Thumb Code    18  stm32f10x_tim.o(.text)
    TIM_OCStructInit                         0x08001ceb   Thumb Code    20  stm32f10x_tim.o(.text)
    TIM_ICStructInit                         0x08001cff   Thumb Code    18  stm32f10x_tim.o(.text)
    TIM_BDTRStructInit                       0x08001d11   Thumb Code    40  stm32f10x_tim.o(.text)
    TIM_Cmd                                  0x08001d39   Thumb Code    24  stm32f10x_tim.o(.text)
    TIM_CtrlPWMOutputs                       0x08001d51   Thumb Code    30  stm32f10x_tim.o(.text)
    TIM_ITConfig                             0x08001d6f   Thumb Code    18  stm32f10x_tim.o(.text)
    TIM_GenerateEvent                        0x08001d81   Thumb Code     4  stm32f10x_tim.o(.text)
    TIM_DMAConfig                            0x08001d85   Thumb Code    10  stm32f10x_tim.o(.text)
    TIM_DMACmd                               0x08001d8f   Thumb Code    18  stm32f10x_tim.o(.text)
    TIM_InternalClockConfig                  0x08001da1   Thumb Code    12  stm32f10x_tim.o(.text)
    TIM_SelectInputTrigger                   0x08001dad   Thumb Code    18  stm32f10x_tim.o(.text)
    TIM_ITRxExternalClockConfig              0x08001dbf   Thumb Code    24  stm32f10x_tim.o(.text)
    TIM_TIxExternalClockConfig               0x08001dd7   Thumb Code    62  stm32f10x_tim.o(.text)
    TIM_ETRConfig                            0x08001e15   Thumb Code    28  stm32f10x_tim.o(.text)
    TIM_ETRClockMode1Config                  0x08001e31   Thumb Code    54  stm32f10x_tim.o(.text)
    TIM_ETRClockMode2Config                  0x08001e67   Thumb Code    32  stm32f10x_tim.o(.text)
    TIM_PrescalerConfig                      0x08001e87   Thumb Code     6  stm32f10x_tim.o(.text)
    TIM_CounterModeConfig                    0x08001e8d   Thumb Code    18  stm32f10x_tim.o(.text)
    TIM_EncoderInterfaceConfig               0x08001e9f   Thumb Code    66  stm32f10x_tim.o(.text)
    TIM_ForcedOC1Config                      0x08001ee1   Thumb Code    18  stm32f10x_tim.o(.text)
    TIM_ForcedOC2Config                      0x08001ef3   Thumb Code    26  stm32f10x_tim.o(.text)
    TIM_ForcedOC3Config                      0x08001f0d   Thumb Code    18  stm32f10x_tim.o(.text)
    TIM_ForcedOC4Config                      0x08001f1f   Thumb Code    26  stm32f10x_tim.o(.text)
    TIM_ARRPreloadConfig                     0x08001f39   Thumb Code    24  stm32f10x_tim.o(.text)
    TIM_SelectCOM                            0x08001f51   Thumb Code    24  stm32f10x_tim.o(.text)
    TIM_SelectCCDMA                          0x08001f69   Thumb Code    24  stm32f10x_tim.o(.text)
    TIM_CCPreloadControl                     0x08001f81   Thumb Code    24  stm32f10x_tim.o(.text)
    TIM_OC1PreloadConfig                     0x08001f99   Thumb Code    18  stm32f10x_tim.o(.text)
    TIM_OC2PreloadConfig                     0x08001fab   Thumb Code    26  stm32f10x_tim.o(.text)
    TIM_OC3PreloadConfig                     0x08001fc5   Thumb Code    18  stm32f10x_tim.o(.text)
    TIM_OC4PreloadConfig                     0x08001fd7   Thumb Code    26  stm32f10x_tim.o(.text)
    TIM_OC1FastConfig                        0x08001ff1   Thumb Code    18  stm32f10x_tim.o(.text)
    TIM_OC2FastConfig                        0x08002003   Thumb Code    26  stm32f10x_tim.o(.text)
    TIM_OC3FastConfig                        0x0800201d   Thumb Code    18  stm32f10x_tim.o(.text)
    TIM_OC4FastConfig                        0x0800202f   Thumb Code    26  stm32f10x_tim.o(.text)
    TIM_ClearOC1Ref                          0x08002049   Thumb Code    18  stm32f10x_tim.o(.text)
    TIM_ClearOC2Ref                          0x0800205b   Thumb Code    24  stm32f10x_tim.o(.text)
    TIM_ClearOC3Ref                          0x08002073   Thumb Code    18  stm32f10x_tim.o(.text)
    TIM_ClearOC4Ref                          0x08002085   Thumb Code    24  stm32f10x_tim.o(.text)
    TIM_OC1PolarityConfig                    0x0800209d   Thumb Code    18  stm32f10x_tim.o(.text)
    TIM_OC1NPolarityConfig                   0x080020af   Thumb Code    18  stm32f10x_tim.o(.text)
    TIM_OC2PolarityConfig                    0x080020c1   Thumb Code    26  stm32f10x_tim.o(.text)
    TIM_OC2NPolarityConfig                   0x080020db   Thumb Code    26  stm32f10x_tim.o(.text)
    TIM_OC3PolarityConfig                    0x080020f5   Thumb Code    26  stm32f10x_tim.o(.text)
    TIM_OC3NPolarityConfig                   0x0800210f   Thumb Code    26  stm32f10x_tim.o(.text)
    TIM_OC4PolarityConfig                    0x08002129   Thumb Code    26  stm32f10x_tim.o(.text)
    TIM_CCxCmd                               0x08002143   Thumb Code    30  stm32f10x_tim.o(.text)
    TIM_CCxNCmd                              0x08002161   Thumb Code    30  stm32f10x_tim.o(.text)
    TIM_SelectOCxM                           0x0800217f   Thumb Code    82  stm32f10x_tim.o(.text)
    TIM_UpdateDisableConfig                  0x080021d1   Thumb Code    24  stm32f10x_tim.o(.text)
    TIM_UpdateRequestConfig                  0x080021e9   Thumb Code    24  stm32f10x_tim.o(.text)
    TIM_SelectHallSensor                     0x08002201   Thumb Code    24  stm32f10x_tim.o(.text)
    TIM_SelectOnePulseMode                   0x08002219   Thumb Code    18  stm32f10x_tim.o(.text)
    TIM_SelectOutputTrigger                  0x0800222b   Thumb Code    18  stm32f10x_tim.o(.text)
    TIM_SelectSlaveMode                      0x0800223d   Thumb Code    18  stm32f10x_tim.o(.text)
    TIM_SelectMasterSlaveMode                0x0800224f   Thumb Code    18  stm32f10x_tim.o(.text)
    TIM_SetCounter                           0x08002261   Thumb Code     4  stm32f10x_tim.o(.text)
    TIM_SetAutoreload                        0x08002265   Thumb Code     4  stm32f10x_tim.o(.text)
    TIM_SetCompare1                          0x08002269   Thumb Code     4  stm32f10x_tim.o(.text)
    TIM_SetCompare2                          0x0800226d   Thumb Code     4  stm32f10x_tim.o(.text)
    TIM_SetCompare3                          0x08002271   Thumb Code     4  stm32f10x_tim.o(.text)
    TIM_SetCompare4                          0x08002275   Thumb Code     6  stm32f10x_tim.o(.text)
    TIM_SetClockDivision                     0x0800227b   Thumb Code    18  stm32f10x_tim.o(.text)
    TIM_GetCapture1                          0x0800228d   Thumb Code     6  stm32f10x_tim.o(.text)
    TIM_GetCapture2                          0x08002293   Thumb Code     6  stm32f10x_tim.o(.text)
    TIM_GetCapture3                          0x08002299   Thumb Code     6  stm32f10x_tim.o(.text)
    TIM_GetCapture4                          0x0800229f   Thumb Code     8  stm32f10x_tim.o(.text)
    TIM_GetCounter                           0x080022a7   Thumb Code     6  stm32f10x_tim.o(.text)
    TIM_GetPrescaler                         0x080022ad   Thumb Code     6  stm32f10x_tim.o(.text)
    TIM_GetFlagStatus                        0x080022b3   Thumb Code    18  stm32f10x_tim.o(.text)
    TIM_ClearFlag                            0x080022c5   Thumb Code     6  stm32f10x_tim.o(.text)
    TIM_GetITStatus                          0x080022cb   Thumb Code    34  stm32f10x_tim.o(.text)
    TIM_ClearITPendingBit                    0x080022ed   Thumb Code     6  stm32f10x_tim.o(.text)
    USART_DeInit                             0x080022f5   Thumb Code   134  stm32f10x_usart.o(.text)
    USART_Init                               0x0800237b   Thumb Code   210  stm32f10x_usart.o(.text)
    USART_StructInit                         0x0800244d   Thumb Code    24  stm32f10x_usart.o(.text)
    USART_ClockInit                          0x08002465   Thumb Code    34  stm32f10x_usart.o(.text)
    USART_ClockStructInit                    0x08002487   Thumb Code    12  stm32f10x_usart.o(.text)
    USART_Cmd                                0x08002493   Thumb Code    24  stm32f10x_usart.o(.text)
    USART_ITConfig                           0x080024ab   Thumb Code    74  stm32f10x_usart.o(.text)
    USART_DMACmd                             0x080024f5   Thumb Code    18  stm32f10x_usart.o(.text)
    USART_SetAddress                         0x08002507   Thumb Code    18  stm32f10x_usart.o(.text)
    USART_WakeUpConfig                       0x08002519   Thumb Code    18  stm32f10x_usart.o(.text)
    USART_ReceiverWakeUpCmd                  0x0800252b   Thumb Code    24  stm32f10x_usart.o(.text)
    USART_LINBreakDetectLengthConfig         0x08002543   Thumb Code    18  stm32f10x_usart.o(.text)
    USART_LINCmd                             0x08002555   Thumb Code    24  stm32f10x_usart.o(.text)
    USART_SendData                           0x0800256d   Thumb Code     8  stm32f10x_usart.o(.text)
    USART_ReceiveData                        0x08002575   Thumb Code    10  stm32f10x_usart.o(.text)
    USART_SendBreak                          0x0800257f   Thumb Code    10  stm32f10x_usart.o(.text)
    USART_SetGuardTime                       0x08002589   Thumb Code    16  stm32f10x_usart.o(.text)
    USART_SetPrescaler                       0x08002599   Thumb Code    16  stm32f10x_usart.o(.text)
    USART_SmartCardCmd                       0x080025a9   Thumb Code    24  stm32f10x_usart.o(.text)
    USART_SmartCardNACKCmd                   0x080025c1   Thumb Code    24  stm32f10x_usart.o(.text)
    USART_HalfDuplexCmd                      0x080025d9   Thumb Code    24  stm32f10x_usart.o(.text)
    USART_OverSampling8Cmd                   0x080025f1   Thumb Code    22  stm32f10x_usart.o(.text)
    USART_OneBitMethodCmd                    0x08002607   Thumb Code    24  stm32f10x_usart.o(.text)
    USART_IrDAConfig                         0x0800261f   Thumb Code    18  stm32f10x_usart.o(.text)
    USART_IrDACmd                            0x08002631   Thumb Code    24  stm32f10x_usart.o(.text)
    USART_GetFlagStatus                      0x08002649   Thumb Code    26  stm32f10x_usart.o(.text)
    USART_ClearFlag                          0x08002663   Thumb Code    18  stm32f10x_usart.o(.text)
    USART_GetITStatus                        0x08002675   Thumb Code    84  stm32f10x_usart.o(.text)
    USART_ClearITPendingBit                  0x080026c9   Thumb Code    52  stm32f10x_usart.o(.text)
    All_NVIC_Init                            0x080026fd   Thumb Code   188  bsp.o(.text)
    BSP_Init                                 0x080027b9   Thumb Code    36  bsp.o(.text)
    WS2812_Init                              0x080027dd   Thumb Code   144  bsp_led.o(.text)
    Led_Whole_Light                          0x0800295b   Thumb Code    42  bsp_led.o(.text)
    Led_Single_Light                         0x08002985   Thumb Code   192  bsp_led.o(.text)
    DMA1_Channel4_IRQHandler                 0x08002a45   Thumb Code    50  bsp_led.o(.text)
    threeway_max                             0x08002a77   Thumb Code    62  bsp_led.o(.text)
    threeway_min                             0x08002ab5   Thumb Code    62  bsp_led.o(.text)
    RGB_To_Pack                              0x08002af3   Thumb Code    32  bsp_led.o(.text)
    RGB_To_HSV                               0x08002b13   Thumb Code   338  bsp_led.o(.text)
    HSV_To_RGB                               0x08002c65   Thumb Code   288  bsp_led.o(.text)
    Led_Breath                               0x08002d85   Thumb Code   234  bsp_led.o(.text)
    Led_Bright                               0x08002e6f   Thumb Code    90  bsp_led.o(.text)
    SysTick_Init                             0x08002edd   Thumb Code   106  bsp_systick.o(.text)
    Delay_10us                               0x08002f47   Thumb Code    36  bsp_systick.o(.text)
    Timing_Delay_Decrement                   0x08002f6b   Thumb Code    36  bsp_systick.o(.text)
    SysTick_Handler                          0x08002f8f   Thumb Code     8  bsp_systick.o(.text)
    BLE_Disconnect                           0x0800301d   Thumb Code    14  bsp_bluetooth.o(.text)
    BLE_Enable_Connect                       0x0800302b   Thumb Code    14  bsp_bluetooth.o(.text)
    BLE_Awake                                0x08003039   Thumb Code    14  bsp_bluetooth.o(.text)
    BLE_Sleep                                0x08003047   Thumb Code    14  bsp_bluetooth.o(.text)
    BLE_Init                                 0x08003055   Thumb Code    20  bsp_bluetooth.o(.text)
    BLE_Set_Name                             0x08003069   Thumb Code    44  bsp_bluetooth.o(.text)
    USART1_IRQHandler                        0x08003095   Thumb Code   146  bsp_bluetooth.o(.text)
    fputc                                    0x0800315d   Thumb Code    32  bsp_usart.o(.text)
    USART_Send_Char                          0x0800317d   Thumb Code    38  bsp_usart.o(.text)
    USART_Send_String                        0x080031a3   Thumb Code    48  bsp_usart.o(.text)
    MP3_Init                                 0x08003237   Thumb Code    12  bsp_mp3.o(.text)
    MP3_Reset                                0x0800335f   Thumb Code    10  bsp_mp3.o(.text)
    MP3_Pause                                0x08003369   Thumb Code    10  bsp_mp3.o(.text)
    MP3_Play                                 0x08003373   Thumb Code    10  bsp_mp3.o(.text)
    MP3_Loop_Play                            0x0800337d   Thumb Code    14  bsp_mp3.o(.text)
    MP3_Stop                                 0x0800338b   Thumb Code    10  bsp_mp3.o(.text)
    MP3_Next_Song                            0x08003395   Thumb Code    10  bsp_mp3.o(.text)
    MP3_Previous_Song                        0x0800339f   Thumb Code    10  bsp_mp3.o(.text)
    MP3_Specify_Song                         0x080033a9   Thumb Code    16  bsp_mp3.o(.text)
    MP3_Specify_Folder_Song                  0x080033b9   Thumb Code    18  bsp_mp3.o(.text)
    MP3_Increase_Volume                      0x080033cb   Thumb Code    10  bsp_mp3.o(.text)
    MP3_Decrease_Volume                      0x080033d5   Thumb Code    10  bsp_mp3.o(.text)
    MP3_Specify_Volume                       0x080033df   Thumb Code    14  bsp_mp3.o(.text)
    MP3_Specify_EQ                           0x080033ed   Thumb Code    14  bsp_mp3.o(.text)
    MP3_Specify_Storage                      0x080033fb   Thumb Code    14  bsp_mp3.o(.text)
    USART3_IRQHandler                        0x08003409   Thumb Code   146  bsp_mp3.o(.text)
    COPY_usart_sendchar                      0x080034c5   Thumb Code    30  bsp_copy.o(.text)
    COPY_usart_sendstring                    0x080034e3   Thumb Code    98  bsp_copy.o(.text)
    Motor_Off                                0x0800356f   Thumb Code    14  bsp_motor.o(.text)
    Motor_Init                               0x08003607   Thumb Code    16  bsp_motor.o(.text)
    Motor_Open                               0x080036a7   Thumb Code    14  bsp_motor.o(.text)
    Motor_Go                                 0x08003713   Thumb Code   142  bsp_motor.o(.text)
    Motor_Super_Go                           0x080037a1   Thumb Code    74  bsp_motor.o(.text)
    Sonar_Init                               0x0800389d   Thumb Code    20  bsp_sonar.o(.text)
    Sonar_Measurement                        0x08003917   Thumb Code    90  bsp_sonar.o(.text)
    TIM2_IRQHandler                          0x08003971   Thumb Code    42  bsp_sonar.o(.text)
    EXTI4_IRQHandler                         0x0800399b   Thumb Code    86  bsp_sonar.o(.text)
    ST_Infrared_Init                         0x08003afb   Thumb Code    20  bsp_st_infrared.o(.text)
    ST_Infrared_Left_DTEC                    0x08003b0f   Thumb Code    24  bsp_st_infrared.o(.text)
    ST_Infrared_Right_DTEC                   0x08003b27   Thumb Code    24  bsp_st_infrared.o(.text)
    ST_Infrared_ADC_Filter                   0x08003b3f   Thumb Code    64  bsp_st_infrared.o(.text)
    DMA1_Channel1_IRQHandler                 0x08003b7f   Thumb Code    54  bsp_st_infrared.o(.text)
    __aeabi_memset                           0x08003be5   Thumb Code    14  memseta.o(.text)
    __aeabi_memset4                          0x08003be5   Thumb Code     0  memseta.o(.text)
    __aeabi_memset8                          0x08003be5   Thumb Code     0  memseta.o(.text)
    __aeabi_memclr                           0x08003bf3   Thumb Code     4  memseta.o(.text)
    __aeabi_memclr4                          0x08003bf3   Thumb Code     0  memseta.o(.text)
    __aeabi_memclr8                          0x08003bf3   Thumb Code     0  memseta.o(.text)
    _memset$wrapper                          0x08003bf7   Thumb Code    18  memseta.o(.text)
    strlen                                   0x08003c09   Thumb Code    14  strlen.o(.text)
    __aeabi_fadd                             0x08003c17   Thumb Code   164  fadd.o(.text)
    __aeabi_fsub                             0x08003cbb   Thumb Code     6  fadd.o(.text)
    __aeabi_frsub                            0x08003cc1   Thumb Code     6  fadd.o(.text)
    __aeabi_fmul                             0x08003cc7   Thumb Code   100  fmul.o(.text)
    __aeabi_fdiv                             0x08003d2b   Thumb Code   124  fdiv.o(.text)
    __aeabi_dadd                             0x08003da7   Thumb Code   322  dadd.o(.text)
    __aeabi_dsub                             0x08003ee9   Thumb Code     6  dadd.o(.text)
    __aeabi_drsub                            0x08003eef   Thumb Code     6  dadd.o(.text)
    __aeabi_dmul                             0x08003ef5   Thumb Code   228  dmul.o(.text)
    __aeabi_ddiv                             0x08003fd9   Thumb Code   222  ddiv.o(.text)
    __aeabi_i2f                              0x080040b7   Thumb Code    18  fflti.o(.text)
    __aeabi_ui2f                             0x080040c9   Thumb Code    10  ffltui.o(.text)
    __aeabi_f2iz                             0x080040d3   Thumb Code    50  ffixi.o(.text)
    __aeabi_f2uiz                            0x08004105   Thumb Code    40  ffixui.o(.text)
    __aeabi_f2d                              0x0800412d   Thumb Code    38  f2d.o(.text)
    __aeabi_d2f                              0x08004153   Thumb Code    56  d2f.o(.text)
    __aeabi_cfcmpeq                          0x0800418d   Thumb Code     0  cfcmple.o(.text)
    __aeabi_cfcmple                          0x0800418d   Thumb Code    20  cfcmple.o(.text)
    __aeabi_cfrcmple                         0x080041a1   Thumb Code    20  cfrcmple.o(.text)
    __aeabi_llsl                             0x080041b5   Thumb Code    30  llshl.o(.text)
    _ll_shift_l                              0x080041b5   Thumb Code     0  llshl.o(.text)
    __aeabi_lasr                             0x080041d3   Thumb Code    36  llsshr.o(.text)
    _ll_sshift_r                             0x080041d3   Thumb Code     0  llsshr.o(.text)
    __I$use$fp                               0x080041f7   Thumb Code     0  iusefp.o(.text)
    _float_round                             0x080041f7   Thumb Code    18  fepilogue.o(.text)
    _float_epilogue                          0x08004209   Thumb Code    92  fepilogue.o(.text)
    _double_round                            0x08004265   Thumb Code    30  depilogue.o(.text)
    _double_epilogue                         0x08004283   Thumb Code   156  depilogue.o(.text)
    __scatterload                            0x08004321   Thumb Code    28  init.o(.text)
    __scatterload_rt2                        0x08004321   Thumb Code     0  init.o(.text)
    __aeabi_llsr                             0x08004345   Thumb Code    32  llushr.o(.text)
    _ll_ushift_r                             0x08004345   Thumb Code     0  llushr.o(.text)
    __decompress                             0x08004365   Thumb Code     0  __dczerorl2.o(.text)
    __decompress1                            0x08004365   Thumb Code    86  __dczerorl2.o(.text)
    __scatterload_copy                       0x080043bb   Thumb Code    14  handlers.o(i.__scatterload_copy)
    __scatterload_null                       0x080043c9   Thumb Code     2  handlers.o(i.__scatterload_null)
    __scatterload_zeroinit                   0x080043cb   Thumb Code    14  handlers.o(i.__scatterload_zeroinit)
    Region$$Table$$Base                      0x080043d8   Number         0  anon$$obj.o(Region$$Table)
    Region$$Table$$Limit                     0x080043f8   Number         0  anon$$obj.o(Region$$Table)
    SystemCoreClock                          0x20000000   Data           4  system_stm32f10x.o(.data)
    AHBPrescTable                            0x20000004   Data          16  system_stm32f10x.o(.data)
    RxCounter                                0x200000a8   Data           1  bsp_bluetooth.o(.data)
    nCount                                   0x200000e8   Data           1  bsp_copy.o(.data)
    ms_count                                 0x20000130   Data           2  bsp_sonar.o(.data)
    sonar_stage_trace                        0x20000132   Data           1  bsp_sonar.o(.data)
    us_time                                  0x20000134   Data           4  bsp_sonar.o(.data)
    sum                                      0x20000138   Data           4  bsp_sonar.o(.data)
    st_infrared_filter_data                  0x20000158   Data           4  bsp_st_infrared.o(.data)
    Led_Buffer                               0x200001ac   Data         197  bsp_led.o(.bss)
    Rx_Buffer                                0x20000271   Data          20  bsp_bluetooth.o(.bss)
    mp3_recv_buffer                          0x20000285   Data          20  bsp_mp3.o(.bss)
    st_infrared_dma_buffer                   0x2000029a   Data         120  bsp_st_infrared.o(.bss)
    __initial_sp                             0x20000718   Data           0  startup_stm32f10x_md.o(STACK)



==============================================================================

Memory Map of the image

  Image Entry point : 0x08000389

  Load Region LR_1 (Base: 0x08000000, Size: 0x000045a4, Max: 0xffffffff, ABSOLUTE, COMPRESSED[0x000044b4])

    Execution Region ER_RO (Base: 0x08000000, Size: 0x000043f8, Max: 0xffffffff, ABSOLUTE)

    Base Addr    Size         Type   Attr      Idx    E Section Name        Object

    0x08000000   0x000000ec   Data   RO          226    RESET               startup_stm32f10x_md.o
    0x080000ec   0x00000000   Code   RO          666  * .ARM.Collect$$$$00000000  mc_w.l(entry.o)
    0x080000ec   0x00000004   Code   RO          701    .ARM.Collect$$$$00000001  mc_w.l(entry2.o)
    0x080000f0   0x00000004   Code   RO          704    .ARM.Collect$$$$00000004  mc_w.l(entry5.o)
    0x080000f4   0x00000000   Code   RO          706    .ARM.Collect$$$$00000008  mc_w.l(entry7b.o)
    0x080000f4   0x00000000   Code   RO          708    .ARM.Collect$$$$0000000A  mc_w.l(entry8b.o)
    0x080000f4   0x00000008   Code   RO          709    .ARM.Collect$$$$0000000B  mc_w.l(entry9a.o)
    0x080000fc   0x00000000   Code   RO          711    .ARM.Collect$$$$0000000D  mc_w.l(entry10a.o)
    0x080000fc   0x00000000   Code   RO          713    .ARM.Collect$$$$0000000F  mc_w.l(entry11a.o)
    0x080000fc   0x00000004   Code   RO          702    .ARM.Collect$$$$00002712  mc_w.l(entry2.o)
    0x08000100   0x00000090   Code   RO            1    .text               main.o
    0x08000190   0x00000018   Code   RO          154    .text               stm32f10x_it.o
    0x080001a8   0x000001e0   Code   RO          195    .text               system_stm32f10x.o
    0x08000388   0x00000024   Code   RO          227  * .text               startup_stm32f10x_md.o
    0x080003ac   0x000000dc   Code   RO          231    .text               misc.o
    0x08000488   0x0000044e   Code   RO          243    .text               stm32f10x_adc.o
    0x080008d6   0x00000002   PAD
    0x080008d8   0x000000c4   Code   RO          255    .text               stm32f10x_bkp.o
    0x0800099c   0x00000254   Code   RO          327    .text               stm32f10x_dma.o
    0x08000bf0   0x0000011c   Code   RO          339    .text               stm32f10x_exti.o
    0x08000d0c   0x0000035c   Code   RO          375    .text               stm32f10x_gpio.o
    0x08001068   0x000000cc   Code   RO          411    .text               stm32f10x_pwr.o
    0x08001134   0x000003a4   Code   RO          423    .text               stm32f10x_rcc.o
    0x080014d8   0x00000e1a   Code   RO          473    .text               stm32f10x_tim.o
    0x080022f2   0x00000002   PAD
    0x080022f4   0x00000408   Code   RO          485    .text               stm32f10x_usart.o
    0x080026fc   0x000000e0   Code   RO          509    .text               bsp.o
    0x080027dc   0x00000700   Code   RO          521    .text               bsp_led.o
    0x08002edc   0x000000d0   Code   RO          537    .text               bsp_systick.o
    0x08002fac   0x000001b0   Code   RO          555    .text               bsp_bluetooth.o
    0x0800315c   0x0000007c   Code   RO          571    .text               bsp_usart.o
    0x080031d8   0x000002ec   Code   RO          583    .text               bsp_mp3.o
    0x080034c4   0x00000084   Code   RO          606    .text               bsp_copy.o
    0x08003548   0x000002e0   Code   RO          621    .text               bsp_motor.o
    0x08003828   0x000001f4   Code   RO          635    .text               bsp_sonar.o
    0x08003a1c   0x000001c8   Code   RO          650    .text               bsp_st_infrared.o
    0x08003be4   0x00000024   Code   RO          669    .text               mc_w.l(memseta.o)
    0x08003c08   0x0000000e   Code   RO          671    .text               mc_w.l(strlen.o)
    0x08003c16   0x000000b0   Code   RO          673    .text               mf_w.l(fadd.o)
    0x08003cc6   0x00000064   Code   RO          675    .text               mf_w.l(fmul.o)
    0x08003d2a   0x0000007c   Code   RO          677    .text               mf_w.l(fdiv.o)
    0x08003da6   0x0000014e   Code   RO          679    .text               mf_w.l(dadd.o)
    0x08003ef4   0x000000e4   Code   RO          681    .text               mf_w.l(dmul.o)
    0x08003fd8   0x000000de   Code   RO          683    .text               mf_w.l(ddiv.o)
    0x080040b6   0x00000012   Code   RO          685    .text               mf_w.l(fflti.o)
    0x080040c8   0x0000000a   Code   RO          687    .text               mf_w.l(ffltui.o)
    0x080040d2   0x00000032   Code   RO          689    .text               mf_w.l(ffixi.o)
    0x08004104   0x00000028   Code   RO          691    .text               mf_w.l(ffixui.o)
    0x0800412c   0x00000026   Code   RO          693    .text               mf_w.l(f2d.o)
    0x08004152   0x00000038   Code   RO          695    .text               mf_w.l(d2f.o)
    0x0800418a   0x00000002   PAD
    0x0800418c   0x00000014   Code   RO          697    .text               mf_w.l(cfcmple.o)
    0x080041a0   0x00000014   Code   RO          699    .text               mf_w.l(cfrcmple.o)
    0x080041b4   0x0000001e   Code   RO          715    .text               mc_w.l(llshl.o)
    0x080041d2   0x00000024   Code   RO          717    .text               mc_w.l(llsshr.o)
    0x080041f6   0x00000000   Code   RO          719    .text               mc_w.l(iusefp.o)
    0x080041f6   0x0000006e   Code   RO          720    .text               mf_w.l(fepilogue.o)
    0x08004264   0x000000ba   Code   RO          722    .text               mf_w.l(depilogue.o)
    0x0800431e   0x00000002   PAD
    0x08004320   0x00000024   Code   RO          724    .text               mc_w.l(init.o)
    0x08004344   0x00000020   Code   RO          726    .text               mc_w.l(llushr.o)
    0x08004364   0x00000056   Code   RO          736    .text               mc_w.l(__dczerorl2.o)
    0x080043ba   0x0000000e   Code   RO          730    i.__scatterload_copy  mc_w.l(handlers.o)
    0x080043c8   0x00000002   Code   RO          731    i.__scatterload_null  mc_w.l(handlers.o)
    0x080043ca   0x0000000e   Code   RO          732    i.__scatterload_zeroinit  mc_w.l(handlers.o)
    0x080043d8   0x00000020   Data   RO          728    Region$$Table       anon$$obj.o


    Execution Region ER_RW (Base: 0x20000000, Size: 0x000001ac, Max: 0xffffffff, ABSOLUTE, COMPRESSED[0x000000bc])

    Base Addr    Size         Type   Attr      Idx    E Section Name        Object

    0x20000000   0x00000014   Data   RW          196    .data               system_stm32f10x.o
    0x20000014   0x00000014   Data   RW          424    .data               stm32f10x_rcc.o
    0x20000028   0x0000007a   Data   RW          523    .data               bsp_led.o
    0x200000a2   0x00000002   PAD
    0x200000a4   0x00000004   Data   RW          538    .data               bsp_systick.o
    0x200000a8   0x00000024   Data   RW          557    .data               bsp_bluetooth.o
    0x200000cc   0x0000001c   Data   RW          585    .data               bsp_mp3.o
    0x200000e8   0x00000001   Data   RW          607    .data               bsp_copy.o
    0x200000e9   0x00000001   PAD
    0x200000ea   0x00000046   Data   RW          622    .data               bsp_motor.o
    0x20000130   0x00000028   Data   RW          636    .data               bsp_sonar.o
    0x20000158   0x00000054   Data   RW          652    .data               bsp_st_infrared.o


    Execution Region ER_ZI (Base: 0x200001ac, Size: 0x0000056c, Max: 0xffffffff, ABSOLUTE)

    Base Addr    Size         Type   Attr      Idx    E Section Name        Object

    0x200001ac   0x000000c5   Zero   RW          522    .bss                bsp_led.o
    0x20000271   0x00000014   Zero   RW          556    .bss                bsp_bluetooth.o
    0x20000285   0x00000014   Zero   RW          584    .bss                bsp_mp3.o
    0x20000299   0x00000001   PAD
    0x2000029a   0x00000078   Zero   RW          651    .bss                bsp_st_infrared.o
    0x20000312   0x00000006   PAD
    0x20000318   0x00000400   Zero   RW          224    STACK               startup_stm32f10x_md.o


==============================================================================

Image component sizes


      Code (inc. data)   RO Data    RW Data    ZI Data      Debug   Object Name

       224          0          0          0          0        689   bsp.o
       432         54          0         36         20       2118   bsp_bluetooth.o
       132          4          0          1          0       1385   bsp_copy.o
      1792         72          0        122        197       5419   bsp_led.o
       736         62          0         70          0       2930   bsp_motor.o
       748         78          0         28         20       4346   bsp_mp3.o
       500         44          0         40          0       2613   bsp_sonar.o
       456         48          0         84        120       2613   bsp_st_infrared.o
       208         22          0          4          0      16592   bsp_systick.o
       124          6          0          0          0       1266   bsp_usart.o
         0          0          0          0          0         32   core_cm3.o
       144          0          0          0          0     277483   main.o
       220         22          0          0          0       1729   misc.o
        36          8        236          0       1024        760   startup_stm32f10x_md.o
      1102         26          0          0          0      10973   stm32f10x_adc.o
       196          8          0          0          0       3428   stm32f10x_bkp.o
       596          8          0          0          0       4294   stm32f10x_dma.o
       284         10          0          0          0       2187   stm32f10x_exti.o
       860         38          0          0          0       5665   stm32f10x_gpio.o
        24          0          0          0          0       1054   stm32f10x_it.o
       204         14          0          0          0       1919   stm32f10x_pwr.o
       932         36          0         20          0       8812   stm32f10x_rcc.o
      3610         88          0          0          0      22772   stm32f10x_tim.o
      1032         22          0          0          0       8388   stm32f10x_usart.o
       480         38          0         20          0       1635   system_stm32f10x.o

    ----------------------------------------------------------------------
     15076        708        268        428       1388     391102   Object Totals
         0          0         32          0          0          0   (incl. Generated)
         4          0          0          3          7          0   (incl. Padding)

    ----------------------------------------------------------------------

      Code (inc. data)   RO Data    RW Data    ZI Data      Debug   Library Member Name

        86          0          0          0          0          0   __dczerorl2.o
         0          0          0          0          0          0   entry.o
         0          0          0          0          0          0   entry10a.o
         0          0          0          0          0          0   entry11a.o
         8          4          0          0          0          0   entry2.o
         4          0          0          0          0          0   entry5.o
         0          0          0          0          0          0   entry7b.o
         0          0          0          0          0          0   entry8b.o
         8          4          0          0          0          0   entry9a.o
        30          0          0          0          0          0   handlers.o
        36          8          0          0          0         68   init.o
         0          0          0          0          0          0   iusefp.o
        30          0          0          0          0         68   llshl.o
        36          0          0          0          0         68   llsshr.o
        32          0          0          0          0         68   llushr.o
        36          0          0          0          0        108   memseta.o
        14          0          0          0          0         68   strlen.o
        20          0          0          0          0         68   cfcmple.o
        20          0          0          0          0         68   cfrcmple.o
        56          0          0          0          0         88   d2f.o
       334          0          0          0          0        148   dadd.o
       222          0          0          0          0        100   ddiv.o
       186          0          0          0          0        176   depilogue.o
       228          0          0          0          0         96   dmul.o
        38          0          0          0          0         68   f2d.o
       176          0          0          0          0        140   fadd.o
       124          0          0          0          0         88   fdiv.o
       110          0          0          0          0        168   fepilogue.o
        50          0          0          0          0         68   ffixi.o
        40          0          0          0          0         68   ffixui.o
        18          0          0          0          0         68   fflti.o
        10          0          0          0          0         68   ffltui.o
       100          0          0          0          0         76   fmul.o

    ----------------------------------------------------------------------
      2056         16          0          0          0       2004   Library Totals
         4          0          0          0          0          0   (incl. Padding)

    ----------------------------------------------------------------------

      Code (inc. data)   RO Data    RW Data    ZI Data      Debug   Library Name

       320         16          0          0          0        448   mc_w.l
      1732          0          0          0          0       1556   mf_w.l

    ----------------------------------------------------------------------
      2056         16          0          0          0       2004   Library Totals

    ----------------------------------------------------------------------

==============================================================================


      Code (inc. data)   RO Data    RW Data    ZI Data      Debug   

     17132        724        268        428       1388     390114   Grand Totals
     17132        724        268        188       1388     390114   ELF Image Totals (compressed)
     17132        724        268        188          0          0   ROM Totals

==============================================================================

    Total RO  Size (Code + RO Data)                17400 (  16.99kB)
    Total RW  Size (RW Data + ZI Data)              1816 (   1.77kB)
    Total ROM Size (Code + RO Data + RW Data)      17588 (  17.18kB)

==============================================================================

