Component: ARM Compiler 5.06 (build 20) Tool: armlink [4d35a3]

==============================================================================

Section Cross References

    main.o(.text) refers to bsp.o(.text) for BSP_Init
    main.o(.text) refers to bsp_led.o(.text) for Led_Whole_Light
    main.o(.text) refers to bsp_sonar.o(.text) for Sonar_Measurement
    main.o(.text) refers to ffixui.o(.text) for __aeabi_f2uiz
    main.o(.text) refers to stm32f10x_usart.o(.text) for USART_SendData
    system_stm32f10x.o(.text) refers to system_stm32f10x.o(.data) for SystemCoreClock
    startup_stm32f10x_md.o(RESET) refers to startup_stm32f10x_md.o(STACK) for __initial_sp
    startup_stm32f10x_md.o(RESET) refers to startup_stm32f10x_md.o(.text) for Reset_Handler
    startup_stm32f10x_md.o(RESET) refers to stm32f10x_it.o(.text) for NMI_Handler
    startup_stm32f10x_md.o(RESET) refers to bsp_systick.o(.text) for SysTick_Handler
    startup_stm32f10x_md.o(RESET) refers to bsp_sonar.o(.text) for EXTI4_IRQHandler
    startup_stm32f10x_md.o(RESET) refers to bsp_led.o(.text) for DMA1_Channel1_IRQHandler
    startup_stm32f10x_md.o(RESET) refers to bsp_bluetooth.o(.text) for USART1_IRQHandler
    startup_stm32f10x_md.o(RESET) refers to bsp_mp3.o(.text) for USART3_IRQHandler
    startup_stm32f10x_md.o(.text) refers to system_stm32f10x.o(.text) for SystemInit
    startup_stm32f10x_md.o(.text) refers to entry.o(.ARM.Collect$$$$00000000) for __main
    stm32f10x_adc.o(.text) refers to stm32f10x_rcc.o(.text) for RCC_APB2PeriphResetCmd
    stm32f10x_bkp.o(.text) refers to stm32f10x_rcc.o(.text) for RCC_BackupResetCmd
    stm32f10x_can.o(.text) refers to stm32f10x_rcc.o(.text) for RCC_APB1PeriphResetCmd
    stm32f10x_cec.o(.text) refers to stm32f10x_rcc.o(.text) for RCC_APB1PeriphResetCmd
    stm32f10x_dac.o(.text) refers to stm32f10x_rcc.o(.text) for RCC_APB1PeriphResetCmd
    stm32f10x_gpio.o(.text) refers to stm32f10x_rcc.o(.text) for RCC_APB2PeriphResetCmd
    stm32f10x_i2c.o(.text) refers to stm32f10x_rcc.o(.text) for RCC_APB1PeriphResetCmd
    stm32f10x_pwr.o(.text) refers to stm32f10x_rcc.o(.text) for RCC_APB1PeriphResetCmd
    stm32f10x_rcc.o(.text) refers to stm32f10x_rcc.o(.data) for APBAHBPrescTable
    stm32f10x_spi.o(.text) refers to stm32f10x_rcc.o(.text) for RCC_APB2PeriphResetCmd
    stm32f10x_tim.o(.text) refers to stm32f10x_rcc.o(.text) for RCC_APB2PeriphResetCmd
    stm32f10x_usart.o(.text) refers to stm32f10x_rcc.o(.text) for RCC_APB2PeriphResetCmd
    stm32f10x_wwdg.o(.text) refers to stm32f10x_rcc.o(.text) for RCC_APB1PeriphResetCmd
    bsp.o(.text) refers to misc.o(.text) for NVIC_PriorityGroupConfig
    bsp.o(.text) refers to bsp_systick.o(.text) for SysTick_Init
    bsp.o(.text) refers to bsp_led.o(.text) for WS2812_Init
    bsp.o(.text) refers to bsp_bluetooth.o(.text) for BLE_Init
    bsp.o(.text) refers to bsp_mp3.o(.text) for MP3_Init
    bsp.o(.text) refers to bsp_motor.o(.text) for Motor_Init
    bsp.o(.text) refers to bsp_sonar.o(.text) for Sonar_Init
    bsp_led.o(.text) refers to stm32f10x_rcc.o(.text) for RCC_APB2PeriphClockCmd
    bsp_led.o(.text) refers to stm32f10x_gpio.o(.text) for GPIO_Init
    bsp_led.o(.text) refers to stm32f10x_tim.o(.text) for TIM_TimeBaseInit
    bsp_led.o(.text) refers to stm32f10x_dma.o(.text) for DMA_Init
    bsp_led.o(.text) refers to memseta.o(.text) for __aeabi_memclr4
    bsp_led.o(.text) refers to cfrcmple.o(.text) for __aeabi_cfrcmple
    bsp_led.o(.text) refers to cfcmple.o(.text) for __aeabi_cfcmple
    bsp_led.o(.text) refers to ffltui.o(.text) for __aeabi_ui2f
    bsp_led.o(.text) refers to fdiv.o(.text) for __aeabi_fdiv
    bsp_led.o(.text) refers to fadd.o(.text) for __aeabi_fsub
    bsp_led.o(.text) refers to bsp_led.o(.data) for Logo_Led_GPIO_Config
    bsp_led.o(.text) refers to bsp_led.o(.bss) for Led_Buffer
    bsp_led.o(.text) refers to fflti.o(.text) for __aeabi_i2f
    bsp_led.o(.text) refers to fmul.o(.text) for __aeabi_fmul
    bsp_led.o(.text) refers to ffixi.o(.text) for __aeabi_f2iz
    bsp_led.o(.text) refers to ffixui.o(.text) for __aeabi_f2uiz
    bsp_led.o(.text) refers to bsp_systick.o(.text) for Delay_10us
    bsp_led.o(.text) refers to f2d.o(.text) for __aeabi_f2d
    bsp_led.o(.text) refers to dmul.o(.text) for __aeabi_dmul
    bsp_led.o(.text) refers to dadd.o(.text) for __aeabi_dsub
    bsp_led.o(.text) refers to d2f.o(.text) for __aeabi_d2f
    bsp_led.o(.data) refers to bsp_led.o(.bss) for Led_Buffer
    bsp_systick.o(.text) refers to system_stm32f10x.o(.data) for SystemCoreClock
    bsp_systick.o(.text) refers to bsp_systick.o(.data) for Timing_Delay
    bsp_bluetooth.o(.text) refers to stm32f10x_rcc.o(.text) for RCC_APB2PeriphClockCmd
    bsp_bluetooth.o(.text) refers to stm32f10x_gpio.o(.text) for GPIO_Init
    bsp_bluetooth.o(.text) refers to stm32f10x_usart.o(.text) for USART_Init
    bsp_bluetooth.o(.text) refers to bsp_systick.o(.text) for Delay_10us
    bsp_bluetooth.o(.text) refers to bsp_usart.o(.text) for USART_Send_String
    bsp_bluetooth.o(.text) refers to memseta.o(.text) for __aeabi_memclr
    bsp_bluetooth.o(.text) refers to bsp_bluetooth.o(.data) for BLE_GPIO_Rx_Config
    bsp_bluetooth.o(.text) refers to bsp_bluetooth.o(.bss) for Rx_Buffer
    bsp_usart.o(.text) refers to stm32f10x_usart.o(.text) for USART_SendData
    bsp_usart.o(.text) refers to strlen.o(.text) for strlen
    bsp_mp3.o(.text) refers to stm32f10x_rcc.o(.text) for RCC_APB2PeriphClockCmd
    bsp_mp3.o(.text) refers to stm32f10x_gpio.o(.text) for GPIO_Init
    bsp_mp3.o(.text) refers to stm32f10x_usart.o(.text) for USART_DeInit
    bsp_mp3.o(.text) refers to bsp_copy.o(.text) for COPY_usart_sendstring
    bsp_mp3.o(.text) refers to memseta.o(.text) for __aeabi_memclr
    bsp_mp3.o(.text) refers to bsp_mp3.o(.data) for MP3_GPIO_Rx_Config
    bsp_mp3.o(.text) refers to bsp_mp3.o(.bss) for mp3_recv_buffer
    bsp_copy.o(.text) refers to stm32f10x_usart.o(.text) for USART_SendData
    bsp_copy.o(.text) refers to bsp_copy.o(.data) for nCount
    bsp_motor.o(.text) refers to stm32f10x_rcc.o(.text) for RCC_APB2PeriphClockCmd
    bsp_motor.o(.text) refers to stm32f10x_pwr.o(.text) for PWR_BackupAccessCmd
    bsp_motor.o(.text) refers to stm32f10x_gpio.o(.text) for GPIO_ResetBits
    bsp_motor.o(.text) refers to stm32f10x_bkp.o(.text) for BKP_TamperPinCmd
    bsp_motor.o(.text) refers to stm32f10x_tim.o(.text) for TIM_TimeBaseInit
    bsp_motor.o(.text) refers to ffltui.o(.text) for __aeabi_ui2f
    bsp_motor.o(.text) refers to fmul.o(.text) for __aeabi_fmul
    bsp_motor.o(.text) refers to ffixui.o(.text) for __aeabi_f2uiz
    bsp_motor.o(.text) refers to bsp_motor.o(.data) for Motor_AIN1_Config
    bsp_sonar.o(.text) refers to stm32f10x_rcc.o(.text) for RCC_APB2PeriphClockCmd
    bsp_sonar.o(.text) refers to stm32f10x_gpio.o(.text) for GPIO_Init
    bsp_sonar.o(.text) refers to stm32f10x_tim.o(.text) for TIM_DeInit
    bsp_sonar.o(.text) refers to stm32f10x_exti.o(.text) for EXTI_DeInit
    bsp_sonar.o(.text) refers to bsp_systick.o(.text) for Delay_10us
    bsp_sonar.o(.text) refers to f2d.o(.text) for __aeabi_f2d
    bsp_sonar.o(.text) refers to ddiv.o(.text) for __aeabi_ddiv
    bsp_sonar.o(.text) refers to d2f.o(.text) for __aeabi_d2f
    bsp_sonar.o(.text) refers to cfcmple.o(.text) for __aeabi_cfcmple
    bsp_sonar.o(.text) refers to ffltui.o(.text) for __aeabi_ui2f
    bsp_sonar.o(.text) refers to fadd.o(.text) for __aeabi_fadd
    bsp_sonar.o(.text) refers to bsp_sonar.o(.data) for Sonar_Triger_Config
    entry.o(.ARM.Collect$$$$00000000) refers (Special) to entry10a.o(.ARM.Collect$$$$0000000D) for __rt_final_cpp
    entry.o(.ARM.Collect$$$$00000000) refers (Special) to entry11a.o(.ARM.Collect$$$$0000000F) for __rt_final_exit
    entry.o(.ARM.Collect$$$$00000000) refers (Special) to entry7b.o(.ARM.Collect$$$$00000008) for _main_clock
    entry.o(.ARM.Collect$$$$00000000) refers (Special) to entry8b.o(.ARM.Collect$$$$0000000A) for _main_cpp_init
    entry.o(.ARM.Collect$$$$00000000) refers (Special) to entry9a.o(.ARM.Collect$$$$0000000B) for _main_init
    entry.o(.ARM.Collect$$$$00000000) refers (Special) to entry5.o(.ARM.Collect$$$$00000004) for _main_scatterload
    entry.o(.ARM.Collect$$$$00000000) refers (Special) to entry2.o(.ARM.Collect$$$$00000001) for _main_stk
    fadd.o(.text) refers (Special) to iusefp.o(.text) for __I$use$fp
    fadd.o(.text) refers to fepilogue.o(.text) for _float_epilogue
    fmul.o(.text) refers (Special) to iusefp.o(.text) for __I$use$fp
    fdiv.o(.text) refers (Special) to iusefp.o(.text) for __I$use$fp
    fdiv.o(.text) refers to fepilogue.o(.text) for _float_round
    dadd.o(.text) refers (Special) to iusefp.o(.text) for __I$use$fp
    dadd.o(.text) refers to llshl.o(.text) for __aeabi_llsl
    dadd.o(.text) refers to llsshr.o(.text) for __aeabi_lasr
    dadd.o(.text) refers to depilogue.o(.text) for _double_epilogue
    dmul.o(.text) refers (Special) to iusefp.o(.text) for __I$use$fp
    dmul.o(.text) refers to depilogue.o(.text) for _double_epilogue
    ddiv.o(.text) refers (Special) to iusefp.o(.text) for __I$use$fp
    ddiv.o(.text) refers to depilogue.o(.text) for _double_round
    fflti.o(.text) refers (Special) to iusefp.o(.text) for __I$use$fp
    fflti.o(.text) refers to fepilogue.o(.text) for _float_epilogue
    ffltui.o(.text) refers (Special) to iusefp.o(.text) for __I$use$fp
    ffltui.o(.text) refers to fepilogue.o(.text) for _float_epilogue
    ffixi.o(.text) refers (Special) to iusefp.o(.text) for __I$use$fp
    ffixui.o(.text) refers (Special) to iusefp.o(.text) for __I$use$fp
    f2d.o(.text) refers (Special) to iusefp.o(.text) for __I$use$fp
    d2f.o(.text) refers (Special) to iusefp.o(.text) for __I$use$fp
    d2f.o(.text) refers to fepilogue.o(.text) for _float_round
    cfcmple.o(.text) refers (Special) to iusefp.o(.text) for __I$use$fp
    cfrcmple.o(.text) refers (Special) to iusefp.o(.text) for __I$use$fp
    entry2.o(.ARM.Collect$$$$00000001) refers to entry2.o(.ARM.Collect$$$$00002712) for __lit__00000000
    entry2.o(.ARM.Collect$$$$00002712) refers to startup_stm32f10x_md.o(STACK) for __initial_sp
    entry2.o(__vectab_stack_and_reset_area) refers to startup_stm32f10x_md.o(STACK) for __initial_sp
    entry2.o(__vectab_stack_and_reset_area) refers to entry.o(.ARM.Collect$$$$00000000) for __main
    entry5.o(.ARM.Collect$$$$00000004) refers to init.o(.text) for __scatterload
    entry9a.o(.ARM.Collect$$$$0000000B) refers to main.o(.text) for main
    entry9b.o(.ARM.Collect$$$$0000000C) refers to main.o(.text) for main
    depilogue.o(.text) refers to llshl.o(.text) for __aeabi_llsl
    depilogue.o(.text) refers to llushr.o(.text) for __aeabi_llsr
    init.o(.text) refers to entry5.o(.ARM.Collect$$$$00000004) for __main_after_scatterload


==============================================================================

Removing Unused input sections from the image.

    Removing core_cm3.o(.emb_text), (32 bytes).
    Removing startup_stm32f10x_md.o(HEAP), (512 bytes).
    Removing stm32f10x_adc.o(.text), (1102 bytes).
    Removing stm32f10x_can.o(.text), (2544 bytes).
    Removing stm32f10x_cec.o(.text), (288 bytes).
    Removing stm32f10x_crc.o(.text), (72 bytes).
    Removing stm32f10x_dac.o(.text), (396 bytes).
    Removing stm32f10x_dbgmcu.o(.text), (48 bytes).
    Removing stm32f10x_flash.o(.text), (1468 bytes).
    Removing stm32f10x_fsmc.o(.text), (1548 bytes).
    Removing stm32f10x_i2c.o(.text), (1028 bytes).
    Removing stm32f10x_iwdg.o(.text), (64 bytes).
    Removing stm32f10x_rtc.o(.text), (328 bytes).
    Removing stm32f10x_sdio.o(.text), (468 bytes).
    Removing stm32f10x_spi.o(.text), (780 bytes).
    Removing stm32f10x_wwdg.o(.text), (136 bytes).

16 unused section(s) (total 10814 bytes) removed from the image.

==============================================================================

Image Symbol Table

    Local Symbols

    Symbol Name                              Value     Ov Type        Size  Object(Section)

    ../clib/../cmprslib/zerorunl2.c          0x00000000   Number         0  __dczerorl2.o ABSOLUTE
    ../clib/microlib/init/entry.s            0x00000000   Number         0  entry9b.o ABSOLUTE
    ../clib/microlib/init/entry.s            0x00000000   Number         0  entry2.o ABSOLUTE
    ../clib/microlib/init/entry.s            0x00000000   Number         0  entry5.o ABSOLUTE
    ../clib/microlib/init/entry.s            0x00000000   Number         0  entry7a.o ABSOLUTE
    ../clib/microlib/init/entry.s            0x00000000   Number         0  entry7b.o ABSOLUTE
    ../clib/microlib/init/entry.s            0x00000000   Number         0  entry8a.o ABSOLUTE
    ../clib/microlib/init/entry.s            0x00000000   Number         0  entry8b.o ABSOLUTE
    ../clib/microlib/init/entry.s            0x00000000   Number         0  entry11b.o ABSOLUTE
    ../clib/microlib/init/entry.s            0x00000000   Number         0  entry9a.o ABSOLUTE
    ../clib/microlib/init/entry.s            0x00000000   Number         0  entry10a.o ABSOLUTE
    ../clib/microlib/init/entry.s            0x00000000   Number         0  entry10b.o ABSOLUTE
    ../clib/microlib/init/entry.s            0x00000000   Number         0  entry.o ABSOLUTE
    ../clib/microlib/init/entry.s            0x00000000   Number         0  entry11a.o ABSOLUTE
    ../clib/microlib/longlong.c              0x00000000   Number         0  llshl.o ABSOLUTE
    ../clib/microlib/longlong.c              0x00000000   Number         0  llsshr.o ABSOLUTE
    ../clib/microlib/longlong.c              0x00000000   Number         0  llushr.o ABSOLUTE
    ../clib/microlib/string/memset.c         0x00000000   Number         0  memseta.o ABSOLUTE
    ../clib/microlib/string/strlen.c         0x00000000   Number         0  strlen.o ABSOLUTE
    ../clib/microlib/stubs.s                 0x00000000   Number         0  iusefp.o ABSOLUTE
    ../fplib/microlib/d2f.c                  0x00000000   Number         0  d2f.o ABSOLUTE
    ../fplib/microlib/f2d.c                  0x00000000   Number         0  f2d.o ABSOLUTE
    ../fplib/microlib/fpadd.c                0x00000000   Number         0  dadd.o ABSOLUTE
    ../fplib/microlib/fpadd.c                0x00000000   Number         0  fadd.o ABSOLUTE
    ../fplib/microlib/fpdiv.c                0x00000000   Number         0  fdiv.o ABSOLUTE
    ../fplib/microlib/fpdiv.c                0x00000000   Number         0  ddiv.o ABSOLUTE
    ../fplib/microlib/fpepilogue.c           0x00000000   Number         0  fepilogue.o ABSOLUTE
    ../fplib/microlib/fpepilogue.c           0x00000000   Number         0  depilogue.o ABSOLUTE
    ../fplib/microlib/fpfix.c                0x00000000   Number         0  ffixi.o ABSOLUTE
    ../fplib/microlib/fpfix.c                0x00000000   Number         0  ffixui.o ABSOLUTE
    ../fplib/microlib/fpflt.c                0x00000000   Number         0  fflti.o ABSOLUTE
    ../fplib/microlib/fpflt.c                0x00000000   Number         0  ffltui.o ABSOLUTE
    ../fplib/microlib/fpmul.c                0x00000000   Number         0  fmul.o ABSOLUTE
    ../fplib/microlib/fpmul.c                0x00000000   Number         0  dmul.o ABSOLUTE
    ..\BSP\bsp.c                             0x00000000   Number         0  bsp.o ABSOLUTE
    ..\BSP\bsp_bluetooth.c                   0x00000000   Number         0  bsp_bluetooth.o ABSOLUTE
    ..\BSP\bsp_copy.c                        0x00000000   Number         0  bsp_copy.o ABSOLUTE
    ..\BSP\bsp_led.c                         0x00000000   Number         0  bsp_led.o ABSOLUTE
    ..\BSP\bsp_motor.c                       0x00000000   Number         0  bsp_motor.o ABSOLUTE
    ..\BSP\bsp_mp3.c                         0x00000000   Number         0  bsp_mp3.o ABSOLUTE
    ..\BSP\bsp_sonar.c                       0x00000000   Number         0  bsp_sonar.o ABSOLUTE
    ..\BSP\bsp_systick.c                     0x00000000   Number         0  bsp_systick.o ABSOLUTE
    ..\BSP\bsp_usart.c                       0x00000000   Number         0  bsp_usart.o ABSOLUTE
    ..\CORE\core_cm3.c                       0x00000000   Number         0  core_cm3.o ABSOLUTE
    ..\CORE\startup_stm32f10x_md.s           0x00000000   Number         0  startup_stm32f10x_md.o ABSOLUTE
    ..\STM32F10x_FWLib\src\misc.c            0x00000000   Number         0  misc.o ABSOLUTE
    ..\STM32F10x_FWLib\src\stm32f10x_adc.c   0x00000000   Number         0  stm32f10x_adc.o ABSOLUTE
    ..\STM32F10x_FWLib\src\stm32f10x_bkp.c   0x00000000   Number         0  stm32f10x_bkp.o ABSOLUTE
    ..\STM32F10x_FWLib\src\stm32f10x_can.c   0x00000000   Number         0  stm32f10x_can.o ABSOLUTE
    ..\STM32F10x_FWLib\src\stm32f10x_cec.c   0x00000000   Number         0  stm32f10x_cec.o ABSOLUTE
    ..\STM32F10x_FWLib\src\stm32f10x_crc.c   0x00000000   Number         0  stm32f10x_crc.o ABSOLUTE
    ..\STM32F10x_FWLib\src\stm32f10x_dac.c   0x00000000   Number         0  stm32f10x_dac.o ABSOLUTE
    ..\STM32F10x_FWLib\src\stm32f10x_dbgmcu.c 0x00000000   Number         0  stm32f10x_dbgmcu.o ABSOLUTE
    ..\STM32F10x_FWLib\src\stm32f10x_dma.c   0x00000000   Number         0  stm32f10x_dma.o ABSOLUTE
    ..\STM32F10x_FWLib\src\stm32f10x_exti.c  0x00000000   Number         0  stm32f10x_exti.o ABSOLUTE
    ..\STM32F10x_FWLib\src\stm32f10x_flash.c 0x00000000   Number         0  stm32f10x_flash.o ABSOLUTE
    ..\STM32F10x_FWLib\src\stm32f10x_fsmc.c  0x00000000   Number         0  stm32f10x_fsmc.o ABSOLUTE
    ..\STM32F10x_FWLib\src\stm32f10x_gpio.c  0x00000000   Number         0  stm32f10x_gpio.o ABSOLUTE
    ..\STM32F10x_FWLib\src\stm32f10x_i2c.c   0x00000000   Number         0  stm32f10x_i2c.o ABSOLUTE
    ..\STM32F10x_FWLib\src\stm32f10x_iwdg.c  0x00000000   Number         0  stm32f10x_iwdg.o ABSOLUTE
    ..\STM32F10x_FWLib\src\stm32f10x_pwr.c   0x00000000   Number         0  stm32f10x_pwr.o ABSOLUTE
    ..\STM32F10x_FWLib\src\stm32f10x_rcc.c   0x00000000   Number         0  stm32f10x_rcc.o ABSOLUTE
    ..\STM32F10x_FWLib\src\stm32f10x_rtc.c   0x00000000   Number         0  stm32f10x_rtc.o ABSOLUTE
    ..\STM32F10x_FWLib\src\stm32f10x_sdio.c  0x00000000   Number         0  stm32f10x_sdio.o ABSOLUTE
    ..\STM32F10x_FWLib\src\stm32f10x_spi.c   0x00000000   Number         0  stm32f10x_spi.o ABSOLUTE
    ..\STM32F10x_FWLib\src\stm32f10x_tim.c   0x00000000   Number         0  stm32f10x_tim.o ABSOLUTE
    ..\STM32F10x_FWLib\src\stm32f10x_usart.c 0x00000000   Number         0  stm32f10x_usart.o ABSOLUTE
    ..\STM32F10x_FWLib\src\stm32f10x_wwdg.c  0x00000000   Number         0  stm32f10x_wwdg.o ABSOLUTE
    ..\\CORE\\core_cm3.c                     0x00000000   Number         0  core_cm3.o ABSOLUTE
    cfcmple.s                                0x00000000   Number         0  cfcmple.o ABSOLUTE
    cfrcmple.s                               0x00000000   Number         0  cfrcmple.o ABSOLUTE
    dc.s                                     0x00000000   Number         0  dc.o ABSOLUTE
    handlers.s                               0x00000000   Number         0  handlers.o ABSOLUTE
    init.s                                   0x00000000   Number         0  init.o ABSOLUTE
    main.c                                   0x00000000   Number         0  main.o ABSOLUTE
    stm32f10x_it.c                           0x00000000   Number         0  stm32f10x_it.o ABSOLUTE
    system_stm32f10x.c                       0x00000000   Number         0  system_stm32f10x.o ABSOLUTE
    RESET                                    0x08000000   Section      236  startup_stm32f10x_md.o(RESET)
    .ARM.Collect$$$$00000000                 0x080000ec   Section        0  entry.o(.ARM.Collect$$$$00000000)
    .ARM.Collect$$$$00000001                 0x080000ec   Section        4  entry2.o(.ARM.Collect$$$$00000001)
    .ARM.Collect$$$$00000004                 0x080000f0   Section        4  entry5.o(.ARM.Collect$$$$00000004)
    .ARM.Collect$$$$00000008                 0x080000f4   Section        0  entry7b.o(.ARM.Collect$$$$00000008)
    .ARM.Collect$$$$0000000A                 0x080000f4   Section        0  entry8b.o(.ARM.Collect$$$$0000000A)
    .ARM.Collect$$$$0000000B                 0x080000f4   Section        8  entry9a.o(.ARM.Collect$$$$0000000B)
    .ARM.Collect$$$$0000000D                 0x080000fc   Section        0  entry10a.o(.ARM.Collect$$$$0000000D)
    .ARM.Collect$$$$0000000F                 0x080000fc   Section        0  entry11a.o(.ARM.Collect$$$$0000000F)
    .ARM.Collect$$$$00002712                 0x080000fc   Section        4  entry2.o(.ARM.Collect$$$$00002712)
    __lit__00000000                          0x080000fc   Data           4  entry2.o(.ARM.Collect$$$$00002712)
    .text                                    0x08000100   Section        0  main.o(.text)
    .text                                    0x0800016c   Section        0  stm32f10x_it.o(.text)
    .text                                    0x08000184   Section        0  system_stm32f10x.o(.text)
    SetSysClockTo72                          0x08000185   Thumb Code   214  system_stm32f10x.o(.text)
    SetSysClock                              0x0800025b   Thumb Code     8  system_stm32f10x.o(.text)
    .text                                    0x08000364   Section       36  startup_stm32f10x_md.o(.text)
    .text                                    0x08000388   Section        0  misc.o(.text)
    .text                                    0x08000464   Section        0  stm32f10x_bkp.o(.text)
    .text                                    0x08000528   Section        0  stm32f10x_dma.o(.text)
    .text                                    0x0800077c   Section        0  stm32f10x_exti.o(.text)
    .text                                    0x08000898   Section        0  stm32f10x_gpio.o(.text)
    .text                                    0x08000bf4   Section        0  stm32f10x_pwr.o(.text)
    .text                                    0x08000cc0   Section        0  stm32f10x_rcc.o(.text)
    .text                                    0x08001064   Section        0  stm32f10x_tim.o(.text)
    TI4_Config                               0x0800150b   Thumb Code   130  stm32f10x_tim.o(.text)
    TI3_Config                               0x0800159f   Thumb Code   122  stm32f10x_tim.o(.text)
    TI2_Config                               0x08001633   Thumb Code   130  stm32f10x_tim.o(.text)
    TI1_Config                               0x080016c7   Thumb Code   108  stm32f10x_tim.o(.text)
    .text                                    0x08001e80   Section        0  stm32f10x_usart.o(.text)
    .text                                    0x08002288   Section        0  bsp.o(.text)
    .text                                    0x08002364   Section        0  bsp_led.o(.text)
    WS2812_Update                            0x080023f5   Thumb Code    74  bsp_led.o(.text)
    Set_Led_Color                            0x0800243f   Thumb Code   164  bsp_led.o(.text)
    .text                                    0x08002a94   Section        0  bsp_systick.o(.text)
    .text                                    0x08002b64   Section        0  bsp_bluetooth.o(.text)
    BLE_GPIO_Init                            0x08002b65   Thumb Code    60  bsp_bluetooth.o(.text)
    BLE_USART1_Init                          0x08002ba1   Thumb Code    52  bsp_bluetooth.o(.text)
    .text                                    0x08002d14   Section        0  bsp_usart.o(.text)
    .text                                    0x08002d90   Section        0  bsp_mp3.o(.text)
    MP3_GPIO_Init                            0x08002d91   Thumb Code    36  bsp_mp3.o(.text)
    MP3_USART3_Init                          0x08002db5   Thumb Code    58  bsp_mp3.o(.text)
    MP3_MSG_Pack                             0x08002dfb   Thumb Code   284  bsp_mp3.o(.text)
    .text                                    0x0800307c   Section        0  bsp_copy.o(.text)
    .text                                    0x08003100   Section        0  bsp_motor.o(.text)
    Motor_RCC_Init                           0x08003101   Thumb Code    38  bsp_motor.o(.text)
    Motor_GPIO_Init                          0x08003135   Thumb Code    78  bsp_motor.o(.text)
    Motor_TIM3_Init                          0x08003183   Thumb Code    60  bsp_motor.o(.text)
    Motor_A_Brake                            0x080031cf   Thumb Code    24  bsp_motor.o(.text)
    Motor_B_Brake                            0x080031e7   Thumb Code    24  bsp_motor.o(.text)
    Motor_A_CCW                              0x080031ff   Thumb Code    24  bsp_motor.o(.text)
    Motor_B_CCW                              0x08003217   Thumb Code    24  bsp_motor.o(.text)
    Motor_A_CW                               0x0800322f   Thumb Code    24  bsp_motor.o(.text)
    Motor_B_CW                               0x08003247   Thumb Code    24  bsp_motor.o(.text)
    Motor_Control                            0x0800326d   Thumb Code    94  bsp_motor.o(.text)
    .text                                    0x080033e0   Section        0  bsp_sonar.o(.text)
    Sonar_RCC_Init                           0x080033e1   Thumb Code    20  bsp_sonar.o(.text)
    Sonar_GPIO_Init                          0x080033f5   Thumb Code    36  bsp_sonar.o(.text)
    Sonar_TIM2_Init                          0x08003419   Thumb Code    40  bsp_sonar.o(.text)
    Sonar_EXTI4_Init                         0x08003441   Thumb Code    20  bsp_sonar.o(.text)
    Sonar_Triger_Emit                        0x08003469   Thumb Code    32  bsp_sonar.o(.text)
    Sonar_Counter_Start                      0x08003489   Thumb Code    28  bsp_sonar.o(.text)
    Sonar_Counter_Stop                       0x080034a5   Thumb Code    14  bsp_sonar.o(.text)
    Sonar_Echo_Time_Get                      0x080034b3   Thumb Code    28  bsp_sonar.o(.text)
    .text                                    0x080035d4   Section        0  memseta.o(.text)
    .text                                    0x080035f8   Section        0  strlen.o(.text)
    .text                                    0x08003606   Section        0  fadd.o(.text)
    .text                                    0x080036b6   Section        0  fmul.o(.text)
    .text                                    0x0800371a   Section        0  fdiv.o(.text)
    .text                                    0x08003796   Section        0  dadd.o(.text)
    .text                                    0x080038e4   Section        0  dmul.o(.text)
    .text                                    0x080039c8   Section        0  ddiv.o(.text)
    .text                                    0x08003aa6   Section        0  fflti.o(.text)
    .text                                    0x08003ab8   Section        0  ffltui.o(.text)
    .text                                    0x08003ac2   Section        0  ffixi.o(.text)
    .text                                    0x08003af4   Section        0  ffixui.o(.text)
    .text                                    0x08003b1c   Section        0  f2d.o(.text)
    .text                                    0x08003b42   Section        0  d2f.o(.text)
    .text                                    0x08003b7c   Section       20  cfcmple.o(.text)
    .text                                    0x08003b90   Section       20  cfrcmple.o(.text)
    .text                                    0x08003ba4   Section        0  llshl.o(.text)
    .text                                    0x08003bc2   Section        0  llsshr.o(.text)
    .text                                    0x08003be6   Section        0  iusefp.o(.text)
    .text                                    0x08003be6   Section        0  fepilogue.o(.text)
    .text                                    0x08003c54   Section        0  depilogue.o(.text)
    .text                                    0x08003d10   Section       36  init.o(.text)
    .text                                    0x08003d34   Section        0  llushr.o(.text)
    .text                                    0x08003d54   Section        0  __dczerorl2.o(.text)
    i.__scatterload_copy                     0x08003daa   Section       14  handlers.o(i.__scatterload_copy)
    i.__scatterload_null                     0x08003db8   Section        2  handlers.o(i.__scatterload_null)
    i.__scatterload_zeroinit                 0x08003dba   Section       14  handlers.o(i.__scatterload_zeroinit)
    .data                                    0x20000000   Section       20  system_stm32f10x.o(.data)
    .data                                    0x20000014   Section       20  stm32f10x_rcc.o(.data)
    APBAHBPrescTable                         0x20000014   Data          16  stm32f10x_rcc.o(.data)
    ADCPrescTable                            0x20000024   Data           4  stm32f10x_rcc.o(.data)
    .data                                    0x20000028   Section      122  bsp_led.o(.data)
    Logo_Led_GPIO_Config                     0x20000028   Data           4  bsp_led.o(.data)
    Four_Led_GPIO_Config                     0x2000002c   Data           4  bsp_led.o(.data)
    Logo_Led_DMA_Config                      0x20000030   Data          44  bsp_led.o(.data)
    Four_Led_DMA_Config                      0x2000005c   Data          44  bsp_led.o(.data)
    Led_TIM4_Config                          0x20000088   Data          10  bsp_led.o(.data)
    Led_OC_Config                            0x20000092   Data          16  bsp_led.o(.data)
    .data                                    0x200000a4   Section        4  bsp_systick.o(.data)
    Timing_Delay                             0x200000a4   Data           4  bsp_systick.o(.data)
    .data                                    0x200000a8   Section       36  bsp_bluetooth.o(.data)
    BLE_GPIO_Rx_Config                       0x200000aa   Data           4  bsp_bluetooth.o(.data)
    BLE_GPIO_Tx_Config                       0x200000ae   Data           4  bsp_bluetooth.o(.data)
    BLE_PWRC_Config                          0x200000b2   Data           4  bsp_bluetooth.o(.data)
    BLE_DISC_Config                          0x200000b6   Data           4  bsp_bluetooth.o(.data)
    BLE_USART1_Config                        0x200000bc   Data          16  bsp_bluetooth.o(.data)
    .data                                    0x200000cc   Section       28  bsp_mp3.o(.data)
    counter                                  0x200000cc   Data           1  bsp_mp3.o(.data)
    MP3_GPIO_Rx_Config                       0x200000ce   Data           4  bsp_mp3.o(.data)
    MP3_GPIO_Tx_Config                       0x200000d2   Data           4  bsp_mp3.o(.data)
    MP3_USART3_Config                        0x200000d8   Data          16  bsp_mp3.o(.data)
    .data                                    0x200000e8   Section        1  bsp_copy.o(.data)
    .data                                    0x200000ea   Section       70  bsp_motor.o(.data)
    Motor_AIN1_Config                        0x200000ea   Data           4  bsp_motor.o(.data)
    Motor_AIN2_Config                        0x200000ee   Data           4  bsp_motor.o(.data)
    Motor_PWMA_Config                        0x200000f2   Data           4  bsp_motor.o(.data)
    Motor_BIN1_Config                        0x200000f6   Data           4  bsp_motor.o(.data)
    Motor_BIN2_Config                        0x200000fa   Data           4  bsp_motor.o(.data)
    Motor_PWMB_Config                        0x200000fe   Data           4  bsp_motor.o(.data)
    Motor_STBY_Config                        0x20000102   Data           4  bsp_motor.o(.data)
    Motor_TIM3_Config                        0x20000106   Data          10  bsp_motor.o(.data)
    Motor_TIM3_PWMA_Config                   0x20000110   Data          16  bsp_motor.o(.data)
    Motor_TIM3_PWMB_Config                   0x20000120   Data          16  bsp_motor.o(.data)
    .data                                    0x20000130   Section       40  bsp_sonar.o(.data)
    Sonar_Triger_Config                      0x2000013c   Data           4  bsp_sonar.o(.data)
    Sonar_Echo_Config                        0x20000140   Data           4  bsp_sonar.o(.data)
    Sonar_TIM2_Config                        0x20000144   Data          10  bsp_sonar.o(.data)
    Sonar_EXTI4_Config                       0x20000150   Data           8  bsp_sonar.o(.data)
    .bss                                     0x20000158   Section      197  bsp_led.o(.bss)
    .bss                                     0x2000021d   Section       20  bsp_bluetooth.o(.bss)
    .bss                                     0x20000231   Section       20  bsp_mp3.o(.bss)
    STACK                                    0x20000248   Section     1024  startup_stm32f10x_md.o(STACK)

    Global Symbols

    Symbol Name                              Value     Ov Type        Size  Object(Section)

    BuildAttributes$$THM_ISAv4$P$D$K$B$S$PE$A:L22UL41UL21$X:L11$S22US41US21$IEEE1$IW$USESV6$~STKCKD$USESV7$~SHL$OTIME$ROPI$EBA8$MICROLIB$REQ8$PRES8$EABIv2 0x00000000   Number         0  anon$$obj.o ABSOLUTE
    __ARM_use_no_argv                        0x00000000   Number         0  main.o ABSOLUTE
    __cpp_initialize__aeabi_                  - Undefined Weak Reference
    __cxa_finalize                            - Undefined Weak Reference
    _clock_init                               - Undefined Weak Reference
    _microlib_exit                            - Undefined Weak Reference
    __Vectors_Size                           0x000000ec   Number         0  startup_stm32f10x_md.o ABSOLUTE
    __Vectors                                0x08000000   Data           4  startup_stm32f10x_md.o(RESET)
    __Vectors_End                            0x080000ec   Data           0  startup_stm32f10x_md.o(RESET)
    __main                                   0x080000ed   Thumb Code     0  entry.o(.ARM.Collect$$$$00000000)
    _main_stk                                0x080000ed   Thumb Code     0  entry2.o(.ARM.Collect$$$$00000001)
    _main_scatterload                        0x080000f1   Thumb Code     0  entry5.o(.ARM.Collect$$$$00000004)
    __main_after_scatterload                 0x080000f5   Thumb Code     0  entry5.o(.ARM.Collect$$$$00000004)
    _main_clock                              0x080000f5   Thumb Code     0  entry7b.o(.ARM.Collect$$$$00000008)
    _main_cpp_init                           0x080000f5   Thumb Code     0  entry8b.o(.ARM.Collect$$$$0000000A)
    _main_init                               0x080000f5   Thumb Code     0  entry9a.o(.ARM.Collect$$$$0000000B)
    __rt_final_cpp                           0x080000fd   Thumb Code     0  entry10a.o(.ARM.Collect$$$$0000000D)
    __rt_final_exit                          0x080000fd   Thumb Code     0  entry11a.o(.ARM.Collect$$$$0000000F)
    main                                     0x08000101   Thumb Code    46  main.o(.text)
    UartSendChar                             0x0800012f   Thumb Code    30  main.o(.text)
    UartSendString                           0x0800014d   Thumb Code    32  main.o(.text)
    NMI_Handler                              0x0800016d   Thumb Code     2  stm32f10x_it.o(.text)
    HardFault_Handler                        0x0800016f   Thumb Code     4  stm32f10x_it.o(.text)
    MemManage_Handler                        0x08000173   Thumb Code     4  stm32f10x_it.o(.text)
    BusFault_Handler                         0x08000177   Thumb Code     4  stm32f10x_it.o(.text)
    UsageFault_Handler                       0x0800017b   Thumb Code     4  stm32f10x_it.o(.text)
    SVC_Handler                              0x0800017f   Thumb Code     2  stm32f10x_it.o(.text)
    DebugMon_Handler                         0x08000181   Thumb Code     2  stm32f10x_it.o(.text)
    PendSV_Handler                           0x08000183   Thumb Code     2  stm32f10x_it.o(.text)
    SystemInit                               0x08000263   Thumb Code    78  system_stm32f10x.o(.text)
    SystemCoreClockUpdate                    0x080002b1   Thumb Code   142  system_stm32f10x.o(.text)
    Reset_Handler                            0x08000365   Thumb Code     8  startup_stm32f10x_md.o(.text)
    ADC1_2_IRQHandler                        0x0800037f   Thumb Code     0  startup_stm32f10x_md.o(.text)
    CAN1_RX1_IRQHandler                      0x0800037f   Thumb Code     0  startup_stm32f10x_md.o(.text)
    CAN1_SCE_IRQHandler                      0x0800037f   Thumb Code     0  startup_stm32f10x_md.o(.text)
    DMA1_Channel2_IRQHandler                 0x0800037f   Thumb Code     0  startup_stm32f10x_md.o(.text)
    DMA1_Channel3_IRQHandler                 0x0800037f   Thumb Code     0  startup_stm32f10x_md.o(.text)
    DMA1_Channel5_IRQHandler                 0x0800037f   Thumb Code     0  startup_stm32f10x_md.o(.text)
    DMA1_Channel6_IRQHandler                 0x0800037f   Thumb Code     0  startup_stm32f10x_md.o(.text)
    DMA1_Channel7_IRQHandler                 0x0800037f   Thumb Code     0  startup_stm32f10x_md.o(.text)
    EXTI0_IRQHandler                         0x0800037f   Thumb Code     0  startup_stm32f10x_md.o(.text)
    EXTI15_10_IRQHandler                     0x0800037f   Thumb Code     0  startup_stm32f10x_md.o(.text)
    EXTI1_IRQHandler                         0x0800037f   Thumb Code     0  startup_stm32f10x_md.o(.text)
    EXTI2_IRQHandler                         0x0800037f   Thumb Code     0  startup_stm32f10x_md.o(.text)
    EXTI3_IRQHandler                         0x0800037f   Thumb Code     0  startup_stm32f10x_md.o(.text)
    EXTI9_5_IRQHandler                       0x0800037f   Thumb Code     0  startup_stm32f10x_md.o(.text)
    FLASH_IRQHandler                         0x0800037f   Thumb Code     0  startup_stm32f10x_md.o(.text)
    I2C1_ER_IRQHandler                       0x0800037f   Thumb Code     0  startup_stm32f10x_md.o(.text)
    I2C1_EV_IRQHandler                       0x0800037f   Thumb Code     0  startup_stm32f10x_md.o(.text)
    I2C2_ER_IRQHandler                       0x0800037f   Thumb Code     0  startup_stm32f10x_md.o(.text)
    I2C2_EV_IRQHandler                       0x0800037f   Thumb Code     0  startup_stm32f10x_md.o(.text)
    PVD_IRQHandler                           0x0800037f   Thumb Code     0  startup_stm32f10x_md.o(.text)
    RCC_IRQHandler                           0x0800037f   Thumb Code     0  startup_stm32f10x_md.o(.text)
    RTCAlarm_IRQHandler                      0x0800037f   Thumb Code     0  startup_stm32f10x_md.o(.text)
    RTC_IRQHandler                           0x0800037f   Thumb Code     0  startup_stm32f10x_md.o(.text)
    SPI1_IRQHandler                          0x0800037f   Thumb Code     0  startup_stm32f10x_md.o(.text)
    SPI2_IRQHandler                          0x0800037f   Thumb Code     0  startup_stm32f10x_md.o(.text)
    TAMPER_IRQHandler                        0x0800037f   Thumb Code     0  startup_stm32f10x_md.o(.text)
    TIM1_BRK_IRQHandler                      0x0800037f   Thumb Code     0  startup_stm32f10x_md.o(.text)
    TIM1_CC_IRQHandler                       0x0800037f   Thumb Code     0  startup_stm32f10x_md.o(.text)
    TIM1_TRG_COM_IRQHandler                  0x0800037f   Thumb Code     0  startup_stm32f10x_md.o(.text)
    TIM1_UP_IRQHandler                       0x0800037f   Thumb Code     0  startup_stm32f10x_md.o(.text)
    TIM3_IRQHandler                          0x0800037f   Thumb Code     0  startup_stm32f10x_md.o(.text)
    TIM4_IRQHandler                          0x0800037f   Thumb Code     0  startup_stm32f10x_md.o(.text)
    USART2_IRQHandler                        0x0800037f   Thumb Code     0  startup_stm32f10x_md.o(.text)
    USBWakeUp_IRQHandler                     0x0800037f   Thumb Code     0  startup_stm32f10x_md.o(.text)
    USB_HP_CAN1_TX_IRQHandler                0x0800037f   Thumb Code     0  startup_stm32f10x_md.o(.text)
    USB_LP_CAN1_RX0_IRQHandler               0x0800037f   Thumb Code     0  startup_stm32f10x_md.o(.text)
    WWDG_IRQHandler                          0x0800037f   Thumb Code     0  startup_stm32f10x_md.o(.text)
    NVIC_PriorityGroupConfig                 0x08000389   Thumb Code    10  misc.o(.text)
    NVIC_Init                                0x08000393   Thumb Code   100  misc.o(.text)
    NVIC_SetVectorTable                      0x080003f7   Thumb Code    14  misc.o(.text)
    NVIC_SystemLPConfig                      0x08000405   Thumb Code    34  misc.o(.text)
    SysTick_CLKSourceConfig                  0x08000427   Thumb Code    40  misc.o(.text)
    BKP_DeInit                               0x08000465   Thumb Code    16  stm32f10x_bkp.o(.text)
    BKP_TamperPinLevelConfig                 0x08000475   Thumb Code     6  stm32f10x_bkp.o(.text)
    BKP_TamperPinCmd                         0x0800047b   Thumb Code     8  stm32f10x_bkp.o(.text)
    BKP_ITConfig                             0x08000483   Thumb Code     8  stm32f10x_bkp.o(.text)
    BKP_RTCOutputConfig                      0x0800048b   Thumb Code    22  stm32f10x_bkp.o(.text)
    BKP_SetRTCCalibrationValue               0x080004a1   Thumb Code    22  stm32f10x_bkp.o(.text)
    BKP_WriteBackupRegister                  0x080004b7   Thumb Code    24  stm32f10x_bkp.o(.text)
    BKP_ReadBackupRegister                   0x080004cf   Thumb Code    26  stm32f10x_bkp.o(.text)
    BKP_GetFlagStatus                        0x080004e9   Thumb Code    10  stm32f10x_bkp.o(.text)
    BKP_ClearFlag                            0x080004f3   Thumb Code    18  stm32f10x_bkp.o(.text)
    BKP_GetITStatus                          0x08000505   Thumb Code    10  stm32f10x_bkp.o(.text)
    BKP_ClearITPendingBit                    0x0800050f   Thumb Code    18  stm32f10x_bkp.o(.text)
    DMA_DeInit                               0x08000529   Thumb Code   324  stm32f10x_dma.o(.text)
    DMA_Init                                 0x0800066d   Thumb Code    60  stm32f10x_dma.o(.text)
    DMA_StructInit                           0x080006a9   Thumb Code    26  stm32f10x_dma.o(.text)
    DMA_Cmd                                  0x080006c3   Thumb Code    24  stm32f10x_dma.o(.text)
    DMA_ITConfig                             0x080006db   Thumb Code    18  stm32f10x_dma.o(.text)
    DMA_SetCurrDataCounter                   0x080006ed   Thumb Code     4  stm32f10x_dma.o(.text)
    DMA_GetCurrDataCounter                   0x080006f1   Thumb Code     8  stm32f10x_dma.o(.text)
    DMA_GetFlagStatus                        0x080006f9   Thumb Code    40  stm32f10x_dma.o(.text)
    DMA_ClearFlag                            0x08000721   Thumb Code    22  stm32f10x_dma.o(.text)
    DMA_GetITStatus                          0x08000737   Thumb Code    40  stm32f10x_dma.o(.text)
    DMA_ClearITPendingBit                    0x0800075f   Thumb Code    22  stm32f10x_dma.o(.text)
    EXTI_DeInit                              0x0800077d   Thumb Code    28  stm32f10x_exti.o(.text)
    EXTI_Init                                0x08000799   Thumb Code   142  stm32f10x_exti.o(.text)
    EXTI_StructInit                          0x08000827   Thumb Code    16  stm32f10x_exti.o(.text)
    EXTI_GenerateSWInterrupt                 0x08000837   Thumb Code    16  stm32f10x_exti.o(.text)
    EXTI_GetFlagStatus                       0x08000847   Thumb Code    22  stm32f10x_exti.o(.text)
    EXTI_ClearFlag                           0x0800085d   Thumb Code     8  stm32f10x_exti.o(.text)
    EXTI_GetITStatus                         0x08000865   Thumb Code    34  stm32f10x_exti.o(.text)
    EXTI_ClearITPendingBit                   0x08000887   Thumb Code     8  stm32f10x_exti.o(.text)
    GPIO_DeInit                              0x08000899   Thumb Code   172  stm32f10x_gpio.o(.text)
    GPIO_AFIODeInit                          0x08000945   Thumb Code    20  stm32f10x_gpio.o(.text)
    GPIO_Init                                0x08000959   Thumb Code   278  stm32f10x_gpio.o(.text)
    GPIO_StructInit                          0x08000a6f   Thumb Code    16  stm32f10x_gpio.o(.text)
    GPIO_ReadInputDataBit                    0x08000a7f   Thumb Code    18  stm32f10x_gpio.o(.text)
    GPIO_ReadInputData                       0x08000a91   Thumb Code     8  stm32f10x_gpio.o(.text)
    GPIO_ReadOutputDataBit                   0x08000a99   Thumb Code    18  stm32f10x_gpio.o(.text)
    GPIO_ReadOutputData                      0x08000aab   Thumb Code     8  stm32f10x_gpio.o(.text)
    GPIO_SetBits                             0x08000ab3   Thumb Code     4  stm32f10x_gpio.o(.text)
    GPIO_ResetBits                           0x08000ab7   Thumb Code     4  stm32f10x_gpio.o(.text)
    GPIO_WriteBit                            0x08000abb   Thumb Code    10  stm32f10x_gpio.o(.text)
    GPIO_Write                               0x08000ac5   Thumb Code     4  stm32f10x_gpio.o(.text)
    GPIO_PinLockConfig                       0x08000ac9   Thumb Code    18  stm32f10x_gpio.o(.text)
    GPIO_EventOutputConfig                   0x08000adb   Thumb Code    26  stm32f10x_gpio.o(.text)
    GPIO_EventOutputCmd                      0x08000af5   Thumb Code     6  stm32f10x_gpio.o(.text)
    GPIO_PinRemapConfig                      0x08000afb   Thumb Code   138  stm32f10x_gpio.o(.text)
    GPIO_EXTILineConfig                      0x08000b85   Thumb Code    66  stm32f10x_gpio.o(.text)
    GPIO_ETH_MediaInterfaceConfig            0x08000bc7   Thumb Code     8  stm32f10x_gpio.o(.text)
    PWR_DeInit                               0x08000bf5   Thumb Code    22  stm32f10x_pwr.o(.text)
    PWR_BackupAccessCmd                      0x08000c0b   Thumb Code     6  stm32f10x_pwr.o(.text)
    PWR_PVDCmd                               0x08000c11   Thumb Code     6  stm32f10x_pwr.o(.text)
    PWR_PVDLevelConfig                       0x08000c17   Thumb Code    18  stm32f10x_pwr.o(.text)
    PWR_WakeUpPinCmd                         0x08000c29   Thumb Code     8  stm32f10x_pwr.o(.text)
    PWR_EnterSTOPMode                        0x08000c31   Thumb Code    54  stm32f10x_pwr.o(.text)
    PWR_EnterSTANDBYMode                     0x08000c67   Thumb Code    42  stm32f10x_pwr.o(.text)
    PWR_GetFlagStatus                        0x08000c91   Thumb Code    20  stm32f10x_pwr.o(.text)
    PWR_ClearFlag                            0x08000ca5   Thumb Code    14  stm32f10x_pwr.o(.text)
    RCC_DeInit                               0x08000cc1   Thumb Code    64  stm32f10x_rcc.o(.text)
    RCC_HSEConfig                            0x08000d01   Thumb Code    70  stm32f10x_rcc.o(.text)
    RCC_GetFlagStatus                        0x08000d47   Thumb Code    56  stm32f10x_rcc.o(.text)
    RCC_WaitForHSEStartUp                    0x08000d7f   Thumb Code    56  stm32f10x_rcc.o(.text)
    RCC_AdjustHSICalibrationValue            0x08000db7   Thumb Code    20  stm32f10x_rcc.o(.text)
    RCC_HSICmd                               0x08000dcb   Thumb Code     6  stm32f10x_rcc.o(.text)
    RCC_PLLConfig                            0x08000dd1   Thumb Code    24  stm32f10x_rcc.o(.text)
    RCC_PLLCmd                               0x08000de9   Thumb Code     6  stm32f10x_rcc.o(.text)
    RCC_SYSCLKConfig                         0x08000def   Thumb Code    18  stm32f10x_rcc.o(.text)
    RCC_GetSYSCLKSource                      0x08000e01   Thumb Code    10  stm32f10x_rcc.o(.text)
    RCC_HCLKConfig                           0x08000e0b   Thumb Code    18  stm32f10x_rcc.o(.text)
    RCC_PCLK1Config                          0x08000e1d   Thumb Code    18  stm32f10x_rcc.o(.text)
    RCC_PCLK2Config                          0x08000e2f   Thumb Code    20  stm32f10x_rcc.o(.text)
    RCC_ITConfig                             0x08000e43   Thumb Code    26  stm32f10x_rcc.o(.text)
    RCC_USBCLKConfig                         0x08000e5d   Thumb Code     8  stm32f10x_rcc.o(.text)
    RCC_ADCCLKConfig                         0x08000e65   Thumb Code    18  stm32f10x_rcc.o(.text)
    RCC_LSEConfig                            0x08000e77   Thumb Code    50  stm32f10x_rcc.o(.text)
    RCC_LSICmd                               0x08000ea9   Thumb Code     6  stm32f10x_rcc.o(.text)
    RCC_RTCCLKConfig                         0x08000eaf   Thumb Code    12  stm32f10x_rcc.o(.text)
    RCC_RTCCLKCmd                            0x08000ebb   Thumb Code     8  stm32f10x_rcc.o(.text)
    RCC_GetClocksFreq                        0x08000ec3   Thumb Code   192  stm32f10x_rcc.o(.text)
    RCC_AHBPeriphClockCmd                    0x08000f83   Thumb Code    26  stm32f10x_rcc.o(.text)
    RCC_APB2PeriphClockCmd                   0x08000f9d   Thumb Code    26  stm32f10x_rcc.o(.text)
    RCC_APB1PeriphClockCmd                   0x08000fb7   Thumb Code    26  stm32f10x_rcc.o(.text)
    RCC_APB2PeriphResetCmd                   0x08000fd1   Thumb Code    26  stm32f10x_rcc.o(.text)
    RCC_APB1PeriphResetCmd                   0x08000feb   Thumb Code    26  stm32f10x_rcc.o(.text)
    RCC_BackupResetCmd                       0x08001005   Thumb Code     8  stm32f10x_rcc.o(.text)
    RCC_ClockSecuritySystemCmd               0x0800100d   Thumb Code     6  stm32f10x_rcc.o(.text)
    RCC_MCOConfig                            0x08001013   Thumb Code     6  stm32f10x_rcc.o(.text)
    RCC_ClearFlag                            0x08001019   Thumb Code    14  stm32f10x_rcc.o(.text)
    RCC_GetITStatus                          0x08001027   Thumb Code    20  stm32f10x_rcc.o(.text)
    RCC_ClearITPendingBit                    0x0800103b   Thumb Code     6  stm32f10x_rcc.o(.text)
    TIM_DeInit                               0x08001065   Thumb Code   424  stm32f10x_tim.o(.text)
    TIM_TimeBaseInit                         0x0800120d   Thumb Code   122  stm32f10x_tim.o(.text)
    TIM_OC1Init                              0x08001287   Thumb Code   132  stm32f10x_tim.o(.text)
    TIM_OC2Init                              0x0800130b   Thumb Code   154  stm32f10x_tim.o(.text)
    TIM_OC3Init                              0x080013a5   Thumb Code   150  stm32f10x_tim.o(.text)
    TIM_OC4Init                              0x0800143b   Thumb Code   182  stm32f10x_tim.o(.text)
    TIM_SetIC4Prescaler                      0x080014f1   Thumb Code    26  stm32f10x_tim.o(.text)
    TIM_SetIC3Prescaler                      0x0800158d   Thumb Code    18  stm32f10x_tim.o(.text)
    TIM_SetIC2Prescaler                      0x08001619   Thumb Code    26  stm32f10x_tim.o(.text)
    TIM_SetIC1Prescaler                      0x080016b5   Thumb Code    18  stm32f10x_tim.o(.text)
    TIM_ICInit                               0x08001733   Thumb Code   150  stm32f10x_tim.o(.text)
    TIM_PWMIConfig                           0x080017c9   Thumb Code   124  stm32f10x_tim.o(.text)
    TIM_BDTRConfig                           0x08001845   Thumb Code    32  stm32f10x_tim.o(.text)
    TIM_TimeBaseStructInit                   0x08001865   Thumb Code    18  stm32f10x_tim.o(.text)
    TIM_OCStructInit                         0x08001877   Thumb Code    20  stm32f10x_tim.o(.text)
    TIM_ICStructInit                         0x0800188b   Thumb Code    18  stm32f10x_tim.o(.text)
    TIM_BDTRStructInit                       0x0800189d   Thumb Code    40  stm32f10x_tim.o(.text)
    TIM_Cmd                                  0x080018c5   Thumb Code    24  stm32f10x_tim.o(.text)
    TIM_CtrlPWMOutputs                       0x080018dd   Thumb Code    30  stm32f10x_tim.o(.text)
    TIM_ITConfig                             0x080018fb   Thumb Code    18  stm32f10x_tim.o(.text)
    TIM_GenerateEvent                        0x0800190d   Thumb Code     4  stm32f10x_tim.o(.text)
    TIM_DMAConfig                            0x08001911   Thumb Code    10  stm32f10x_tim.o(.text)
    TIM_DMACmd                               0x0800191b   Thumb Code    18  stm32f10x_tim.o(.text)
    TIM_InternalClockConfig                  0x0800192d   Thumb Code    12  stm32f10x_tim.o(.text)
    TIM_SelectInputTrigger                   0x08001939   Thumb Code    18  stm32f10x_tim.o(.text)
    TIM_ITRxExternalClockConfig              0x0800194b   Thumb Code    24  stm32f10x_tim.o(.text)
    TIM_TIxExternalClockConfig               0x08001963   Thumb Code    62  stm32f10x_tim.o(.text)
    TIM_ETRConfig                            0x080019a1   Thumb Code    28  stm32f10x_tim.o(.text)
    TIM_ETRClockMode1Config                  0x080019bd   Thumb Code    54  stm32f10x_tim.o(.text)
    TIM_ETRClockMode2Config                  0x080019f3   Thumb Code    32  stm32f10x_tim.o(.text)
    TIM_PrescalerConfig                      0x08001a13   Thumb Code     6  stm32f10x_tim.o(.text)
    TIM_CounterModeConfig                    0x08001a19   Thumb Code    18  stm32f10x_tim.o(.text)
    TIM_EncoderInterfaceConfig               0x08001a2b   Thumb Code    66  stm32f10x_tim.o(.text)
    TIM_ForcedOC1Config                      0x08001a6d   Thumb Code    18  stm32f10x_tim.o(.text)
    TIM_ForcedOC2Config                      0x08001a7f   Thumb Code    26  stm32f10x_tim.o(.text)
    TIM_ForcedOC3Config                      0x08001a99   Thumb Code    18  stm32f10x_tim.o(.text)
    TIM_ForcedOC4Config                      0x08001aab   Thumb Code    26  stm32f10x_tim.o(.text)
    TIM_ARRPreloadConfig                     0x08001ac5   Thumb Code    24  stm32f10x_tim.o(.text)
    TIM_SelectCOM                            0x08001add   Thumb Code    24  stm32f10x_tim.o(.text)
    TIM_SelectCCDMA                          0x08001af5   Thumb Code    24  stm32f10x_tim.o(.text)
    TIM_CCPreloadControl                     0x08001b0d   Thumb Code    24  stm32f10x_tim.o(.text)
    TIM_OC1PreloadConfig                     0x08001b25   Thumb Code    18  stm32f10x_tim.o(.text)
    TIM_OC2PreloadConfig                     0x08001b37   Thumb Code    26  stm32f10x_tim.o(.text)
    TIM_OC3PreloadConfig                     0x08001b51   Thumb Code    18  stm32f10x_tim.o(.text)
    TIM_OC4PreloadConfig                     0x08001b63   Thumb Code    26  stm32f10x_tim.o(.text)
    TIM_OC1FastConfig                        0x08001b7d   Thumb Code    18  stm32f10x_tim.o(.text)
    TIM_OC2FastConfig                        0x08001b8f   Thumb Code    26  stm32f10x_tim.o(.text)
    TIM_OC3FastConfig                        0x08001ba9   Thumb Code    18  stm32f10x_tim.o(.text)
    TIM_OC4FastConfig                        0x08001bbb   Thumb Code    26  stm32f10x_tim.o(.text)
    TIM_ClearOC1Ref                          0x08001bd5   Thumb Code    18  stm32f10x_tim.o(.text)
    TIM_ClearOC2Ref                          0x08001be7   Thumb Code    24  stm32f10x_tim.o(.text)
    TIM_ClearOC3Ref                          0x08001bff   Thumb Code    18  stm32f10x_tim.o(.text)
    TIM_ClearOC4Ref                          0x08001c11   Thumb Code    24  stm32f10x_tim.o(.text)
    TIM_OC1PolarityConfig                    0x08001c29   Thumb Code    18  stm32f10x_tim.o(.text)
    TIM_OC1NPolarityConfig                   0x08001c3b   Thumb Code    18  stm32f10x_tim.o(.text)
    TIM_OC2PolarityConfig                    0x08001c4d   Thumb Code    26  stm32f10x_tim.o(.text)
    TIM_OC2NPolarityConfig                   0x08001c67   Thumb Code    26  stm32f10x_tim.o(.text)
    TIM_OC3PolarityConfig                    0x08001c81   Thumb Code    26  stm32f10x_tim.o(.text)
    TIM_OC3NPolarityConfig                   0x08001c9b   Thumb Code    26  stm32f10x_tim.o(.text)
    TIM_OC4PolarityConfig                    0x08001cb5   Thumb Code    26  stm32f10x_tim.o(.text)
    TIM_CCxCmd                               0x08001ccf   Thumb Code    30  stm32f10x_tim.o(.text)
    TIM_CCxNCmd                              0x08001ced   Thumb Code    30  stm32f10x_tim.o(.text)
    TIM_SelectOCxM                           0x08001d0b   Thumb Code    82  stm32f10x_tim.o(.text)
    TIM_UpdateDisableConfig                  0x08001d5d   Thumb Code    24  stm32f10x_tim.o(.text)
    TIM_UpdateRequestConfig                  0x08001d75   Thumb Code    24  stm32f10x_tim.o(.text)
    TIM_SelectHallSensor                     0x08001d8d   Thumb Code    24  stm32f10x_tim.o(.text)
    TIM_SelectOnePulseMode                   0x08001da5   Thumb Code    18  stm32f10x_tim.o(.text)
    TIM_SelectOutputTrigger                  0x08001db7   Thumb Code    18  stm32f10x_tim.o(.text)
    TIM_SelectSlaveMode                      0x08001dc9   Thumb Code    18  stm32f10x_tim.o(.text)
    TIM_SelectMasterSlaveMode                0x08001ddb   Thumb Code    18  stm32f10x_tim.o(.text)
    TIM_SetCounter                           0x08001ded   Thumb Code     4  stm32f10x_tim.o(.text)
    TIM_SetAutoreload                        0x08001df1   Thumb Code     4  stm32f10x_tim.o(.text)
    TIM_SetCompare1                          0x08001df5   Thumb Code     4  stm32f10x_tim.o(.text)
    TIM_SetCompare2                          0x08001df9   Thumb Code     4  stm32f10x_tim.o(.text)
    TIM_SetCompare3                          0x08001dfd   Thumb Code     4  stm32f10x_tim.o(.text)
    TIM_SetCompare4                          0x08001e01   Thumb Code     6  stm32f10x_tim.o(.text)
    TIM_SetClockDivision                     0x08001e07   Thumb Code    18  stm32f10x_tim.o(.text)
    TIM_GetCapture1                          0x08001e19   Thumb Code     6  stm32f10x_tim.o(.text)
    TIM_GetCapture2                          0x08001e1f   Thumb Code     6  stm32f10x_tim.o(.text)
    TIM_GetCapture3                          0x08001e25   Thumb Code     6  stm32f10x_tim.o(.text)
    TIM_GetCapture4                          0x08001e2b   Thumb Code     8  stm32f10x_tim.o(.text)
    TIM_GetCounter                           0x08001e33   Thumb Code     6  stm32f10x_tim.o(.text)
    TIM_GetPrescaler                         0x08001e39   Thumb Code     6  stm32f10x_tim.o(.text)
    TIM_GetFlagStatus                        0x08001e3f   Thumb Code    18  stm32f10x_tim.o(.text)
    TIM_ClearFlag                            0x08001e51   Thumb Code     6  stm32f10x_tim.o(.text)
    TIM_GetITStatus                          0x08001e57   Thumb Code    34  stm32f10x_tim.o(.text)
    TIM_ClearITPendingBit                    0x08001e79   Thumb Code     6  stm32f10x_tim.o(.text)
    USART_DeInit                             0x08001e81   Thumb Code   134  stm32f10x_usart.o(.text)
    USART_Init                               0x08001f07   Thumb Code   210  stm32f10x_usart.o(.text)
    USART_StructInit                         0x08001fd9   Thumb Code    24  stm32f10x_usart.o(.text)
    USART_ClockInit                          0x08001ff1   Thumb Code    34  stm32f10x_usart.o(.text)
    USART_ClockStructInit                    0x08002013   Thumb Code    12  stm32f10x_usart.o(.text)
    USART_Cmd                                0x0800201f   Thumb Code    24  stm32f10x_usart.o(.text)
    USART_ITConfig                           0x08002037   Thumb Code    74  stm32f10x_usart.o(.text)
    USART_DMACmd                             0x08002081   Thumb Code    18  stm32f10x_usart.o(.text)
    USART_SetAddress                         0x08002093   Thumb Code    18  stm32f10x_usart.o(.text)
    USART_WakeUpConfig                       0x080020a5   Thumb Code    18  stm32f10x_usart.o(.text)
    USART_ReceiverWakeUpCmd                  0x080020b7   Thumb Code    24  stm32f10x_usart.o(.text)
    USART_LINBreakDetectLengthConfig         0x080020cf   Thumb Code    18  stm32f10x_usart.o(.text)
    USART_LINCmd                             0x080020e1   Thumb Code    24  stm32f10x_usart.o(.text)
    USART_SendData                           0x080020f9   Thumb Code     8  stm32f10x_usart.o(.text)
    USART_ReceiveData                        0x08002101   Thumb Code    10  stm32f10x_usart.o(.text)
    USART_SendBreak                          0x0800210b   Thumb Code    10  stm32f10x_usart.o(.text)
    USART_SetGuardTime                       0x08002115   Thumb Code    16  stm32f10x_usart.o(.text)
    USART_SetPrescaler                       0x08002125   Thumb Code    16  stm32f10x_usart.o(.text)
    USART_SmartCardCmd                       0x08002135   Thumb Code    24  stm32f10x_usart.o(.text)
    USART_SmartCardNACKCmd                   0x0800214d   Thumb Code    24  stm32f10x_usart.o(.text)
    USART_HalfDuplexCmd                      0x08002165   Thumb Code    24  stm32f10x_usart.o(.text)
    USART_OverSampling8Cmd                   0x0800217d   Thumb Code    22  stm32f10x_usart.o(.text)
    USART_OneBitMethodCmd                    0x08002193   Thumb Code    24  stm32f10x_usart.o(.text)
    USART_IrDAConfig                         0x080021ab   Thumb Code    18  stm32f10x_usart.o(.text)
    USART_IrDACmd                            0x080021bd   Thumb Code    24  stm32f10x_usart.o(.text)
    USART_GetFlagStatus                      0x080021d5   Thumb Code    26  stm32f10x_usart.o(.text)
    USART_ClearFlag                          0x080021ef   Thumb Code    18  stm32f10x_usart.o(.text)
    USART_GetITStatus                        0x08002201   Thumb Code    84  stm32f10x_usart.o(.text)
    USART_ClearITPendingBit                  0x08002255   Thumb Code    52  stm32f10x_usart.o(.text)
    All_NVIC_Init                            0x08002289   Thumb Code   188  bsp.o(.text)
    BSP_Init                                 0x08002345   Thumb Code    32  bsp.o(.text)
    WS2812_Init                              0x08002365   Thumb Code   144  bsp_led.o(.text)
    Led_Whole_Light                          0x080024e3   Thumb Code    42  bsp_led.o(.text)
    Led_Single_Light                         0x0800250d   Thumb Code   192  bsp_led.o(.text)
    DMA1_Channel1_IRQHandler                 0x080025cd   Thumb Code    46  bsp_led.o(.text)
    DMA1_Channel4_IRQHandler                 0x080025fb   Thumb Code    50  bsp_led.o(.text)
    threeway_max                             0x0800262d   Thumb Code    62  bsp_led.o(.text)
    threeway_min                             0x0800266b   Thumb Code    62  bsp_led.o(.text)
    RGB_To_Pack                              0x080026a9   Thumb Code    32  bsp_led.o(.text)
    RGB_To_HSV                               0x080026c9   Thumb Code   338  bsp_led.o(.text)
    HSV_To_RGB                               0x0800281b   Thumb Code   288  bsp_led.o(.text)
    Led_Breath                               0x0800293b   Thumb Code   234  bsp_led.o(.text)
    Led_Bright                               0x08002a25   Thumb Code    90  bsp_led.o(.text)
    SysTick_Init                             0x08002a95   Thumb Code   106  bsp_systick.o(.text)
    Delay_10us                               0x08002aff   Thumb Code    36  bsp_systick.o(.text)
    Timing_Delay_Decrement                   0x08002b23   Thumb Code    36  bsp_systick.o(.text)
    SysTick_Handler                          0x08002b47   Thumb Code     8  bsp_systick.o(.text)
    BLE_Disconnect                           0x08002bd5   Thumb Code    14  bsp_bluetooth.o(.text)
    BLE_Enable_Connect                       0x08002be3   Thumb Code    14  bsp_bluetooth.o(.text)
    BLE_Awake                                0x08002bf1   Thumb Code    14  bsp_bluetooth.o(.text)
    BLE_Sleep                                0x08002bff   Thumb Code    14  bsp_bluetooth.o(.text)
    BLE_Init                                 0x08002c0d   Thumb Code    20  bsp_bluetooth.o(.text)
    BLE_Set_Name                             0x08002c21   Thumb Code    44  bsp_bluetooth.o(.text)
    USART1_IRQHandler                        0x08002c4d   Thumb Code   146  bsp_bluetooth.o(.text)
    fputc                                    0x08002d15   Thumb Code    32  bsp_usart.o(.text)
    USART_Send_Char                          0x08002d35   Thumb Code    38  bsp_usart.o(.text)
    USART_Send_String                        0x08002d5b   Thumb Code    48  bsp_usart.o(.text)
    MP3_Init                                 0x08002def   Thumb Code    12  bsp_mp3.o(.text)
    MP3_Reset                                0x08002f17   Thumb Code    10  bsp_mp3.o(.text)
    MP3_Pause                                0x08002f21   Thumb Code    10  bsp_mp3.o(.text)
    MP3_Play                                 0x08002f2b   Thumb Code    10  bsp_mp3.o(.text)
    MP3_Loop_Play                            0x08002f35   Thumb Code    14  bsp_mp3.o(.text)
    MP3_Stop                                 0x08002f43   Thumb Code    10  bsp_mp3.o(.text)
    MP3_Next_Song                            0x08002f4d   Thumb Code    10  bsp_mp3.o(.text)
    MP3_Previous_Song                        0x08002f57   Thumb Code    10  bsp_mp3.o(.text)
    MP3_Specify_Song                         0x08002f61   Thumb Code    16  bsp_mp3.o(.text)
    MP3_Specify_Folder_Song                  0x08002f71   Thumb Code    18  bsp_mp3.o(.text)
    MP3_Increase_Volume                      0x08002f83   Thumb Code    10  bsp_mp3.o(.text)
    MP3_Decrease_Volume                      0x08002f8d   Thumb Code    10  bsp_mp3.o(.text)
    MP3_Specify_Volume                       0x08002f97   Thumb Code    14  bsp_mp3.o(.text)
    MP3_Specify_EQ                           0x08002fa5   Thumb Code    14  bsp_mp3.o(.text)
    MP3_Specify_Storage                      0x08002fb3   Thumb Code    14  bsp_mp3.o(.text)
    USART3_IRQHandler                        0x08002fc1   Thumb Code   146  bsp_mp3.o(.text)
    COPY_usart_sendchar                      0x0800307d   Thumb Code    30  bsp_copy.o(.text)
    COPY_usart_sendstring                    0x0800309b   Thumb Code    98  bsp_copy.o(.text)
    Motor_Off                                0x08003127   Thumb Code    14  bsp_motor.o(.text)
    Motor_Init                               0x080031bf   Thumb Code    16  bsp_motor.o(.text)
    Motor_Open                               0x0800325f   Thumb Code    14  bsp_motor.o(.text)
    Motor_Go                                 0x080032cb   Thumb Code   142  bsp_motor.o(.text)
    Motor_Super_Go                           0x08003359   Thumb Code    74  bsp_motor.o(.text)
    Sonar_Init                               0x08003455   Thumb Code    20  bsp_sonar.o(.text)
    Sonar_Measurement                        0x080034cf   Thumb Code    90  bsp_sonar.o(.text)
    TIM2_IRQHandler                          0x08003529   Thumb Code    42  bsp_sonar.o(.text)
    EXTI4_IRQHandler                         0x08003553   Thumb Code    86  bsp_sonar.o(.text)
    __aeabi_memset                           0x080035d5   Thumb Code    14  memseta.o(.text)
    __aeabi_memset4                          0x080035d5   Thumb Code     0  memseta.o(.text)
    __aeabi_memset8                          0x080035d5   Thumb Code     0  memseta.o(.text)
    __aeabi_memclr                           0x080035e3   Thumb Code     4  memseta.o(.text)
    __aeabi_memclr4                          0x080035e3   Thumb Code     0  memseta.o(.text)
    __aeabi_memclr8                          0x080035e3   Thumb Code     0  memseta.o(.text)
    _memset$wrapper                          0x080035e7   Thumb Code    18  memseta.o(.text)
    strlen                                   0x080035f9   Thumb Code    14  strlen.o(.text)
    __aeabi_fadd                             0x08003607   Thumb Code   164  fadd.o(.text)
    __aeabi_fsub                             0x080036ab   Thumb Code     6  fadd.o(.text)
    __aeabi_frsub                            0x080036b1   Thumb Code     6  fadd.o(.text)
    __aeabi_fmul                             0x080036b7   Thumb Code   100  fmul.o(.text)
    __aeabi_fdiv                             0x0800371b   Thumb Code   124  fdiv.o(.text)
    __aeabi_dadd                             0x08003797   Thumb Code   322  dadd.o(.text)
    __aeabi_dsub                             0x080038d9   Thumb Code     6  dadd.o(.text)
    __aeabi_drsub                            0x080038df   Thumb Code     6  dadd.o(.text)
    __aeabi_dmul                             0x080038e5   Thumb Code   228  dmul.o(.text)
    __aeabi_ddiv                             0x080039c9   Thumb Code   222  ddiv.o(.text)
    __aeabi_i2f                              0x08003aa7   Thumb Code    18  fflti.o(.text)
    __aeabi_ui2f                             0x08003ab9   Thumb Code    10  ffltui.o(.text)
    __aeabi_f2iz                             0x08003ac3   Thumb Code    50  ffixi.o(.text)
    __aeabi_f2uiz                            0x08003af5   Thumb Code    40  ffixui.o(.text)
    __aeabi_f2d                              0x08003b1d   Thumb Code    38  f2d.o(.text)
    __aeabi_d2f                              0x08003b43   Thumb Code    56  d2f.o(.text)
    __aeabi_cfcmpeq                          0x08003b7d   Thumb Code     0  cfcmple.o(.text)
    __aeabi_cfcmple                          0x08003b7d   Thumb Code    20  cfcmple.o(.text)
    __aeabi_cfrcmple                         0x08003b91   Thumb Code    20  cfrcmple.o(.text)
    __aeabi_llsl                             0x08003ba5   Thumb Code    30  llshl.o(.text)
    _ll_shift_l                              0x08003ba5   Thumb Code     0  llshl.o(.text)
    __aeabi_lasr                             0x08003bc3   Thumb Code    36  llsshr.o(.text)
    _ll_sshift_r                             0x08003bc3   Thumb Code     0  llsshr.o(.text)
    __I$use$fp                               0x08003be7   Thumb Code     0  iusefp.o(.text)
    _float_round                             0x08003be7   Thumb Code    18  fepilogue.o(.text)
    _float_epilogue                          0x08003bf9   Thumb Code    92  fepilogue.o(.text)
    _double_round                            0x08003c55   Thumb Code    30  depilogue.o(.text)
    _double_epilogue                         0x08003c73   Thumb Code   156  depilogue.o(.text)
    __scatterload                            0x08003d11   Thumb Code    28  init.o(.text)
    __scatterload_rt2                        0x08003d11   Thumb Code     0  init.o(.text)
    __aeabi_llsr                             0x08003d35   Thumb Code    32  llushr.o(.text)
    _ll_ushift_r                             0x08003d35   Thumb Code     0  llushr.o(.text)
    __decompress                             0x08003d55   Thumb Code     0  __dczerorl2.o(.text)
    __decompress1                            0x08003d55   Thumb Code    86  __dczerorl2.o(.text)
    __scatterload_copy                       0x08003dab   Thumb Code    14  handlers.o(i.__scatterload_copy)
    __scatterload_null                       0x08003db9   Thumb Code     2  handlers.o(i.__scatterload_null)
    __scatterload_zeroinit                   0x08003dbb   Thumb Code    14  handlers.o(i.__scatterload_zeroinit)
    Region$$Table$$Base                      0x08003dc8   Number         0  anon$$obj.o(Region$$Table)
    Region$$Table$$Limit                     0x08003de8   Number         0  anon$$obj.o(Region$$Table)
    SystemCoreClock                          0x20000000   Data           4  system_stm32f10x.o(.data)
    AHBPrescTable                            0x20000004   Data          16  system_stm32f10x.o(.data)
    RxCounter                                0x200000a8   Data           1  bsp_bluetooth.o(.data)
    nCount                                   0x200000e8   Data           1  bsp_copy.o(.data)
    ms_count                                 0x20000130   Data           2  bsp_sonar.o(.data)
    sonar_stage_trace                        0x20000132   Data           1  bsp_sonar.o(.data)
    us_time                                  0x20000134   Data           4  bsp_sonar.o(.data)
    sum                                      0x20000138   Data           4  bsp_sonar.o(.data)
    Led_Buffer                               0x20000158   Data         197  bsp_led.o(.bss)
    Rx_Buffer                                0x2000021d   Data          20  bsp_bluetooth.o(.bss)
    mp3_recv_buffer                          0x20000231   Data          20  bsp_mp3.o(.bss)
    __initial_sp                             0x20000648   Data           0  startup_stm32f10x_md.o(STACK)



==============================================================================

Memory Map of the image

  Image Entry point : 0x08000365

  Load Region LR_1 (Base: 0x08000000, Size: 0x00003f40, Max: 0xffffffff, ABSOLUTE, COMPRESSED[0x00003e7c])

    Execution Region ER_RO (Base: 0x08000000, Size: 0x00003de8, Max: 0xffffffff, ABSOLUTE)

    Base Addr    Size         Type   Attr      Idx    E Section Name        Object

    0x08000000   0x000000ec   Data   RO          223    RESET               startup_stm32f10x_md.o
    0x080000ec   0x00000000   Code   RO          647  * .ARM.Collect$$$$00000000  mc_w.l(entry.o)
    0x080000ec   0x00000004   Code   RO          682    .ARM.Collect$$$$00000001  mc_w.l(entry2.o)
    0x080000f0   0x00000004   Code   RO          685    .ARM.Collect$$$$00000004  mc_w.l(entry5.o)
    0x080000f4   0x00000000   Code   RO          687    .ARM.Collect$$$$00000008  mc_w.l(entry7b.o)
    0x080000f4   0x00000000   Code   RO          689    .ARM.Collect$$$$0000000A  mc_w.l(entry8b.o)
    0x080000f4   0x00000008   Code   RO          690    .ARM.Collect$$$$0000000B  mc_w.l(entry9a.o)
    0x080000fc   0x00000000   Code   RO          692    .ARM.Collect$$$$0000000D  mc_w.l(entry10a.o)
    0x080000fc   0x00000000   Code   RO          694    .ARM.Collect$$$$0000000F  mc_w.l(entry11a.o)
    0x080000fc   0x00000004   Code   RO          683    .ARM.Collect$$$$00002712  mc_w.l(entry2.o)
    0x08000100   0x0000006c   Code   RO            1    .text               main.o
    0x0800016c   0x00000018   Code   RO          151    .text               stm32f10x_it.o
    0x08000184   0x000001e0   Code   RO          192    .text               system_stm32f10x.o
    0x08000364   0x00000024   Code   RO          224  * .text               startup_stm32f10x_md.o
    0x08000388   0x000000dc   Code   RO          228    .text               misc.o
    0x08000464   0x000000c4   Code   RO          252    .text               stm32f10x_bkp.o
    0x08000528   0x00000254   Code   RO          324    .text               stm32f10x_dma.o
    0x0800077c   0x0000011c   Code   RO          336    .text               stm32f10x_exti.o
    0x08000898   0x0000035c   Code   RO          372    .text               stm32f10x_gpio.o
    0x08000bf4   0x000000cc   Code   RO          408    .text               stm32f10x_pwr.o
    0x08000cc0   0x000003a4   Code   RO          420    .text               stm32f10x_rcc.o
    0x08001064   0x00000e1a   Code   RO          470    .text               stm32f10x_tim.o
    0x08001e7e   0x00000002   PAD
    0x08001e80   0x00000408   Code   RO          482    .text               stm32f10x_usart.o
    0x08002288   0x000000dc   Code   RO          506    .text               bsp.o
    0x08002364   0x00000730   Code   RO          518    .text               bsp_led.o
    0x08002a94   0x000000d0   Code   RO          534    .text               bsp_systick.o
    0x08002b64   0x000001b0   Code   RO          552    .text               bsp_bluetooth.o
    0x08002d14   0x0000007c   Code   RO          568    .text               bsp_usart.o
    0x08002d90   0x000002ec   Code   RO          580    .text               bsp_mp3.o
    0x0800307c   0x00000084   Code   RO          603    .text               bsp_copy.o
    0x08003100   0x000002e0   Code   RO          618    .text               bsp_motor.o
    0x080033e0   0x000001f4   Code   RO          632    .text               bsp_sonar.o
    0x080035d4   0x00000024   Code   RO          650    .text               mc_w.l(memseta.o)
    0x080035f8   0x0000000e   Code   RO          652    .text               mc_w.l(strlen.o)
    0x08003606   0x000000b0   Code   RO          654    .text               mf_w.l(fadd.o)
    0x080036b6   0x00000064   Code   RO          656    .text               mf_w.l(fmul.o)
    0x0800371a   0x0000007c   Code   RO          658    .text               mf_w.l(fdiv.o)
    0x08003796   0x0000014e   Code   RO          660    .text               mf_w.l(dadd.o)
    0x080038e4   0x000000e4   Code   RO          662    .text               mf_w.l(dmul.o)
    0x080039c8   0x000000de   Code   RO          664    .text               mf_w.l(ddiv.o)
    0x08003aa6   0x00000012   Code   RO          666    .text               mf_w.l(fflti.o)
    0x08003ab8   0x0000000a   Code   RO          668    .text               mf_w.l(ffltui.o)
    0x08003ac2   0x00000032   Code   RO          670    .text               mf_w.l(ffixi.o)
    0x08003af4   0x00000028   Code   RO          672    .text               mf_w.l(ffixui.o)
    0x08003b1c   0x00000026   Code   RO          674    .text               mf_w.l(f2d.o)
    0x08003b42   0x00000038   Code   RO          676    .text               mf_w.l(d2f.o)
    0x08003b7a   0x00000002   PAD
    0x08003b7c   0x00000014   Code   RO          678    .text               mf_w.l(cfcmple.o)
    0x08003b90   0x00000014   Code   RO          680    .text               mf_w.l(cfrcmple.o)
    0x08003ba4   0x0000001e   Code   RO          696    .text               mc_w.l(llshl.o)
    0x08003bc2   0x00000024   Code   RO          698    .text               mc_w.l(llsshr.o)
    0x08003be6   0x00000000   Code   RO          700    .text               mc_w.l(iusefp.o)
    0x08003be6   0x0000006e   Code   RO          701    .text               mf_w.l(fepilogue.o)
    0x08003c54   0x000000ba   Code   RO          703    .text               mf_w.l(depilogue.o)
    0x08003d0e   0x00000002   PAD
    0x08003d10   0x00000024   Code   RO          705    .text               mc_w.l(init.o)
    0x08003d34   0x00000020   Code   RO          707    .text               mc_w.l(llushr.o)
    0x08003d54   0x00000056   Code   RO          717    .text               mc_w.l(__dczerorl2.o)
    0x08003daa   0x0000000e   Code   RO          711    i.__scatterload_copy  mc_w.l(handlers.o)
    0x08003db8   0x00000002   Code   RO          712    i.__scatterload_null  mc_w.l(handlers.o)
    0x08003dba   0x0000000e   Code   RO          713    i.__scatterload_zeroinit  mc_w.l(handlers.o)
    0x08003dc8   0x00000020   Data   RO          709    Region$$Table       anon$$obj.o


    Execution Region ER_RW (Base: 0x20000000, Size: 0x00000158, Max: 0xffffffff, ABSOLUTE, COMPRESSED[0x00000094])

    Base Addr    Size         Type   Attr      Idx    E Section Name        Object

    0x20000000   0x00000014   Data   RW          193    .data               system_stm32f10x.o
    0x20000014   0x00000014   Data   RW          421    .data               stm32f10x_rcc.o
    0x20000028   0x0000007a   Data   RW          520    .data               bsp_led.o
    0x200000a2   0x00000002   PAD
    0x200000a4   0x00000004   Data   RW          535    .data               bsp_systick.o
    0x200000a8   0x00000024   Data   RW          554    .data               bsp_bluetooth.o
    0x200000cc   0x0000001c   Data   RW          582    .data               bsp_mp3.o
    0x200000e8   0x00000001   Data   RW          604    .data               bsp_copy.o
    0x200000e9   0x00000001   PAD
    0x200000ea   0x00000046   Data   RW          619    .data               bsp_motor.o
    0x20000130   0x00000028   Data   RW          633    .data               bsp_sonar.o


    Execution Region ER_ZI (Base: 0x20000158, Size: 0x000004f0, Max: 0xffffffff, ABSOLUTE)

    Base Addr    Size         Type   Attr      Idx    E Section Name        Object

    0x20000158   0x000000c5   Zero   RW          519    .bss                bsp_led.o
    0x2000021d   0x00000014   Zero   RW          553    .bss                bsp_bluetooth.o
    0x20000231   0x00000014   Zero   RW          581    .bss                bsp_mp3.o
    0x20000245   0x00000003   PAD
    0x20000248   0x00000400   Zero   RW          221    STACK               startup_stm32f10x_md.o


==============================================================================

Image component sizes


      Code (inc. data)   RO Data    RW Data    ZI Data      Debug   Object Name

       220          0          0          0          0        685   bsp.o
       432         54          0         36         20       2118   bsp_bluetooth.o
       132          4          0          1          0       1385   bsp_copy.o
      1840         74          0        122        197       5576   bsp_led.o
       736         62          0         70          0       2930   bsp_motor.o
       748         78          0         28         20       4346   bsp_mp3.o
       500         44          0         40          0       2613   bsp_sonar.o
       208         22          0          4          0      16592   bsp_systick.o
       124          6          0          0          0       1266   bsp_usart.o
         0          0          0          0          0         32   core_cm3.o
       108          0          0          0          0     267663   main.o
       220         22          0          0          0       1729   misc.o
        36          8        236          0       1024        760   startup_stm32f10x_md.o
       196          8          0          0          0       3428   stm32f10x_bkp.o
       596          8          0          0          0       4294   stm32f10x_dma.o
       284         10          0          0          0       2187   stm32f10x_exti.o
       860         38          0          0          0       5665   stm32f10x_gpio.o
        24          0          0          0          0       1054   stm32f10x_it.o
       204         14          0          0          0       1919   stm32f10x_pwr.o
       932         36          0         20          0       8812   stm32f10x_rcc.o
      3610         88          0          0          0      22772   stm32f10x_tim.o
      1032         22          0          0          0       8388   stm32f10x_usart.o
       480         38          0         20          0       1635   system_stm32f10x.o

    ----------------------------------------------------------------------
     13524        636        268        344       1264     367849   Object Totals
         0          0         32          0          0          0   (incl. Generated)
         2          0          0          3          3          0   (incl. Padding)

    ----------------------------------------------------------------------

      Code (inc. data)   RO Data    RW Data    ZI Data      Debug   Library Member Name

        86          0          0          0          0          0   __dczerorl2.o
         0          0          0          0          0          0   entry.o
         0          0          0          0          0          0   entry10a.o
         0          0          0          0          0          0   entry11a.o
         8          4          0          0          0          0   entry2.o
         4          0          0          0          0          0   entry5.o
         0          0          0          0          0          0   entry7b.o
         0          0          0          0          0          0   entry8b.o
         8          4          0          0          0          0   entry9a.o
        30          0          0          0          0          0   handlers.o
        36          8          0          0          0         68   init.o
         0          0          0          0          0          0   iusefp.o
        30          0          0          0          0         68   llshl.o
        36          0          0          0          0         68   llsshr.o
        32          0          0          0          0         68   llushr.o
        36          0          0          0          0        108   memseta.o
        14          0          0          0          0         68   strlen.o
        20          0          0          0          0         68   cfcmple.o
        20          0          0          0          0         68   cfrcmple.o
        56          0          0          0          0         88   d2f.o
       334          0          0          0          0        148   dadd.o
       222          0          0          0          0        100   ddiv.o
       186          0          0          0          0        176   depilogue.o
       228          0          0          0          0         96   dmul.o
        38          0          0          0          0         68   f2d.o
       176          0          0          0          0        140   fadd.o
       124          0          0          0          0         88   fdiv.o
       110          0          0          0          0        168   fepilogue.o
        50          0          0          0          0         68   ffixi.o
        40          0          0          0          0         68   ffixui.o
        18          0          0          0          0         68   fflti.o
        10          0          0          0          0         68   ffltui.o
       100          0          0          0          0         76   fmul.o

    ----------------------------------------------------------------------
      2056         16          0          0          0       2004   Library Totals
         4          0          0          0          0          0   (incl. Padding)

    ----------------------------------------------------------------------

      Code (inc. data)   RO Data    RW Data    ZI Data      Debug   Library Name

       320         16          0          0          0        448   mc_w.l
      1732          0          0          0          0       1556   mf_w.l

    ----------------------------------------------------------------------
      2056         16          0          0          0       2004   Library Totals

    ----------------------------------------------------------------------

==============================================================================


      Code (inc. data)   RO Data    RW Data    ZI Data      Debug   

     15580        652        268        344       1264     367121   Grand Totals
     15580        652        268        148       1264     367121   ELF Image Totals (compressed)
     15580        652        268        148          0          0   ROM Totals

==============================================================================

    Total RO  Size (Code + RO Data)                15848 (  15.48kB)
    Total RW  Size (RW Data + ZI Data)              1608 (   1.57kB)
    Total ROM Size (Code + RO Data + RW Data)      15996 (  15.62kB)

==============================================================================

